C:/Users/GGPC/Documents/704P2/COMSYS704/Projects/STM32L476JG-SensorTile/Applications/ALLMEMS1/Src/main.c:1254:13:SystemClock_Config	240	static
C:/Users/GGPC/Documents/704P2/COMSYS704/Projects/STM32L476JG-SensorTile/Applications/ALLMEMS1/Src/main.c:937:16:BSP_LSM303AGR_WriteReg_Acc	24	static
C:/Users/GGPC/Documents/704P2/COMSYS704/Projects/STM32L476JG-SensorTile/Applications/ALLMEMS1/Src/main.c:267:13:startAcc	24	static
C:/Users/GGPC/Documents/704P2/COMSYS704/Projects/STM32L476JG-SensorTile/Applications/ALLMEMS1/Src/main.c:871:16:BSP_LSM303AGR_WriteReg_Mag	24	static
C:/Users/GGPC/Documents/704P2/COMSYS704/Projects/STM32L476JG-SensorTile/Applications/ALLMEMS1/Src/main.c:253:13:startMag	24	static
C:/Users/GGPC/Documents/704P2/COMSYS704/Projects/STM32L476JG-SensorTile/Applications/ALLMEMS1/Src/main.c:1124:13:Init_BlueNRG_Stack	352	static
C:/Users/GGPC/Documents/704P2/COMSYS704/Projects/STM32L476JG-SensorTile/Applications/ALLMEMS1/Src/main.c:1219:13:Init_BlueNRG_Custom_Services	264	static
C:/Users/GGPC/Documents/704P2/COMSYS704/Projects/STM32L476JG-SensorTile/Applications/ALLMEMS1/Src/main.c:680:13:SendMotionData	8	static
C:/Users/GGPC/Documents/704P2/COMSYS704/Projects/STM32L476JG-SensorTile/Applications/ALLMEMS1/Src/main.c:638:6:HAL_TIM_OC_DelayElapsedCallback	8	static
C:/Users/GGPC/Documents/704P2/COMSYS704/Projects/STM32L476JG-SensorTile/Applications/ALLMEMS1/Src/main.c:660:6:HAL_TIM_PeriodElapsedCallback	8	static
C:/Users/GGPC/Documents/704P2/COMSYS704/Projects/STM32L476JG-SensorTile/Applications/ALLMEMS1/Src/main.c:785:9:Sensor_IO_SPI_CS_Init_All	80	static
C:/Users/GGPC/Documents/704P2/COMSYS704/Projects/STM32L476JG-SensorTile/Applications/ALLMEMS1/Src/main.c:1008:6:LSM303AGR_SPI_Read_nBytes	4	static,ignoring_inline_asm
C:/Users/GGPC/Documents/704P2/COMSYS704/Projects/STM32L476JG-SensorTile/Applications/ALLMEMS1/Src/main.c:1049:6:LSM303AGR_SPI_Read	0	static,ignoring_inline_asm
C:/Users/GGPC/Documents/704P2/COMSYS704/Projects/STM32L476JG-SensorTile/Applications/ALLMEMS1/Src/main.c:1078:6:LSM303AGR_SPI_Write	0	static
C:/Users/GGPC/Documents/704P2/COMSYS704/Projects/STM32L476JG-SensorTile/Applications/ALLMEMS1/Src/main.c:902:16:BSP_LSM303AGR_ReadReg_Mag	24	static
C:/Users/GGPC/Documents/704P2/COMSYS704/Projects/STM32L476JG-SensorTile/Applications/ALLMEMS1/Src/main.c:284:13:readMag	48	static
C:/Users/GGPC/Documents/704P2/COMSYS704/Projects/STM32L476JG-SensorTile/Applications/ALLMEMS1/Src/main.c:968:16:BSP_LSM303AGR_ReadReg_Acc	16	static
C:/Users/GGPC/Documents/704P2/COMSYS704/Projects/STM32L476JG-SensorTile/Applications/ALLMEMS1/Src/main.c:234:13:InitLSM	280	static
C:/Users/GGPC/Documents/704P2/COMSYS704/Projects/STM32L476JG-SensorTile/Applications/ALLMEMS1/Src/main.c:351:13:readAcc	48	static
C:/Users/GGPC/Documents/704P2/COMSYS704/Projects/STM32L476JG-SensorTile/Applications/ALLMEMS1/Src/main.c:1328:6:HAL_Delay	16	static,ignoring_inline_asm
C:/Users/GGPC/Documents/704P2/COMSYS704/Projects/STM32L476JG-SensorTile/Applications/ALLMEMS1/Src/main.c:604:6:InitTargetPlatform	8	static
C:/Users/GGPC/Documents/704P2/COMSYS704/Projects/STM32L476JG-SensorTile/Applications/ALLMEMS1/Src/main.c:1342:6:Error_Handler	0	static
C:/Users/GGPC/Documents/704P2/COMSYS704/Projects/STM32L476JG-SensorTile/Applications/ALLMEMS1/Src/main.c:695:13:InitTimers	56	static
C:/Users/GGPC/Documents/704P2/COMSYS704/Projects/STM32L476JG-SensorTile/Applications/ALLMEMS1/Src/main.c:412:5:main	288	static,ignoring_inline_asm
C:/Users/GGPC/Documents/704P2/COMSYS704/Projects/STM32L476JG-SensorTile/Applications/ALLMEMS1/Src/main.c:1354:6:HAL_GPIO_EXTI_Callback	8	static
