C:/Users/GGPC/Documents/704P2/COMSYS704/Projects/STM32L476JG-SensorTile/Applications/ALLMEMS1/Src/main.c:1254:13:SystemClock_Config	5
C:/Users/GGPC/Documents/704P2/COMSYS704/Projects/STM32L476JG-SensorTile/Applications/ALLMEMS1/Src/main.c:937:16:BSP_LSM303AGR_WriteReg_Acc	3
C:/Users/GGPC/Documents/704P2/COMSYS704/Projects/STM32L476JG-SensorTile/Applications/ALLMEMS1/Src/main.c:267:13:startAcc	1
C:/Users/GGPC/Documents/704P2/COMSYS704/Projects/STM32L476JG-SensorTile/Applications/ALLMEMS1/Src/main.c:871:16:BSP_LSM303AGR_WriteReg_Mag	3
C:/Users/GGPC/Documents/704P2/COMSYS704/Projects/STM32L476JG-SensorTile/Applications/ALLMEMS1/Src/main.c:253:13:startMag	1
C:/Users/GGPC/Documents/704P2/COMSYS704/Projects/STM32L476JG-SensorTile/Applications/ALLMEMS1/Src/main.c:1124:13:Init_BlueNRG_Stack	7
C:/Users/GGPC/Documents/704P2/COMSYS704/Projects/STM32L476JG-SensorTile/Applications/ALLMEMS1/Src/main.c:1219:13:Init_BlueNRG_Custom_Services	2
C:/Users/GGPC/Documents/704P2/COMSYS704/Projects/STM32L476JG-SensorTile/Applications/ALLMEMS1/Src/main.c:680:13:SendMotionData	1
C:/Users/GGPC/Documents/704P2/COMSYS704/Projects/STM32L476JG-SensorTile/Applications/ALLMEMS1/Src/main.c:638:6:HAL_TIM_OC_DelayElapsedCallback	2
C:/Users/GGPC/Documents/704P2/COMSYS704/Projects/STM32L476JG-SensorTile/Applications/ALLMEMS1/Src/main.c:660:6:HAL_TIM_PeriodElapsedCallback	3
C:/Users/GGPC/Documents/704P2/COMSYS704/Projects/STM32L476JG-SensorTile/Applications/ALLMEMS1/Src/main.c:785:9:Sensor_IO_SPI_CS_Init_All	1
C:/Users/GGPC/Documents/704P2/COMSYS704/Projects/STM32L476JG-SensorTile/Applications/ALLMEMS1/Src/main.c:1008:6:LSM303AGR_SPI_Read_nBytes	5
C:/Users/GGPC/Documents/704P2/COMSYS704/Projects/STM32L476JG-SensorTile/Applications/ALLMEMS1/Src/main.c:1049:6:LSM303AGR_SPI_Read	3
C:/Users/GGPC/Documents/704P2/COMSYS704/Projects/STM32L476JG-SensorTile/Applications/ALLMEMS1/Src/main.c:1078:6:LSM303AGR_SPI_Write	4
C:/Users/GGPC/Documents/704P2/COMSYS704/Projects/STM32L476JG-SensorTile/Applications/ALLMEMS1/Src/main.c:902:16:BSP_LSM303AGR_ReadReg_Mag	2
C:/Users/GGPC/Documents/704P2/COMSYS704/Projects/STM32L476JG-SensorTile/Applications/ALLMEMS1/Src/main.c:284:13:readMag	3
C:/Users/GGPC/Documents/704P2/COMSYS704/Projects/STM32L476JG-SensorTile/Applications/ALLMEMS1/Src/main.c:968:16:BSP_LSM303AGR_ReadReg_Acc	3
C:/Users/GGPC/Documents/704P2/COMSYS704/Projects/STM32L476JG-SensorTile/Applications/ALLMEMS1/Src/main.c:234:13:InitLSM	1
C:/Users/GGPC/Documents/704P2/COMSYS704/Projects/STM32L476JG-SensorTile/Applications/ALLMEMS1/Src/main.c:351:13:readAcc	3
C:/Users/GGPC/Documents/704P2/COMSYS704/Projects/STM32L476JG-SensorTile/Applications/ALLMEMS1/Src/main.c:1328:6:HAL_Delay	2
C:/Users/GGPC/Documents/704P2/COMSYS704/Projects/STM32L476JG-SensorTile/Applications/ALLMEMS1/Src/main.c:604:6:InitTargetPlatform	1
C:/Users/GGPC/Documents/704P2/COMSYS704/Projects/STM32L476JG-SensorTile/Applications/ALLMEMS1/Src/main.c:1342:6:Error_Handler	1
C:/Users/GGPC/Documents/704P2/COMSYS704/Projects/STM32L476JG-SensorTile/Applications/ALLMEMS1/Src/main.c:695:13:InitTimers	1
C:/Users/GGPC/Documents/704P2/COMSYS704/Projects/STM32L476JG-SensorTile/Applications/ALLMEMS1/Src/main.c:412:5:main	16
C:/Users/GGPC/Documents/704P2/COMSYS704/Projects/STM32L476JG-SensorTile/Applications/ALLMEMS1/Src/main.c:1354:6:HAL_GPIO_EXTI_Callback	2
