00:28:43 **** Incremental Build of configuration Debug for project COMSYS704 ****
make all 
arm-none-eabi-gcc "C:/Users/GGPC/Documents/704P2/COMSYS704/Projects/STM32L476JG-SensorTile/Applications/ALLMEMS1/Src/main.c" -mcpu=cortex-m4 -std=c99 -g3 -DDEBUG -DUSE_HAL_DRIVER -DSTM32L476xx -DUSE_STM32L4XX_NUCLEO -DSTM32_SENSORTILE -c -I../../Inc -I../../../../../../Drivers/CMSIS/Device/ST/STM32L4xx/Include -I../../../../../../Drivers/STM32L4xx_HAL_Driver/Inc -I../../../../../../Drivers/BSP/SensorTile -I../../../../../../Drivers/CMSIS/Include -I../../../../../../Drivers/BSP/Components/Common -I../../../../../../Middlewares/ST/BlueNRG-MS/includes -I../../../../../../Middlewares/ST/BlueNRG-MS/utils -I../../../../../../Middlewares/ST/BlueNRG-MS/hci/hci_tl_patterns/Basic -I../../../../../../Middlewares/ST/STM32_USB_Device_Library/Class/CDC/Inc -I../../../../../../Middlewares/ST/STM32_USB_Device_Library/Core/Inc -Og -ffunction-sections -Wall -fstack-usage -fcyclomatic-complexity -MMD -MP -MF"Application/User/main.d" -MT"Application/User/main.o" --specs=nano.specs -mfpu=fpv4-sp-d16 -mfloat-abi=softfp -mthumb -o "Application/User/main.o"
C:/Users/GGPC/Documents/704P2/COMSYS704/Projects/STM32L476JG-SensorTile/Applications/ALLMEMS1/Src/main.c: In function 'main':
C:/Users/GGPC/Documents/704P2/COMSYS704/Projects/STM32L476JG-SensorTile/Applications/ALLMEMS1/Src/main.c:551:13: warning: unused variable 'accMagnitudeInt' [-Wunused-variable]
  551 |     int16_t accMagnitudeInt = (int16_t)accMagnitude_mg;
      |             ^~~~~~~~~~~~~~~
C:/Users/GGPC/Documents/704P2/COMSYS704/Projects/STM32L476JG-SensorTile/Applications/ALLMEMS1/Src/main.c:544:13: warning: unused variable 'accZ_int' [-Wunused-variable]
  544 |     int16_t accZ_int = (int16_t)accZ_mg;
      |             ^~~~~~~~
C:/Users/GGPC/Documents/704P2/COMSYS704/Projects/STM32L476JG-SensorTile/Applications/ALLMEMS1/Src/main.c:543:13: warning: unused variable 'accY_int' [-Wunused-variable]
  543 |     int16_t accY_int = (int16_t)accY_mg;
      |             ^~~~~~~~
C:/Users/GGPC/Documents/704P2/COMSYS704/Projects/STM32L476JG-SensorTile/Applications/ALLMEMS1/Src/main.c:542:13: warning: unused variable 'accX_int' [-Wunused-variable]
  542 |     int16_t accX_int = (int16_t)accX_mg;
      |             ^~~~~~~~
C:/Users/GGPC/Documents/704P2/COMSYS704/Projects/STM32L476JG-SensorTile/Applications/ALLMEMS1/Src/main.c:486:11: warning: unused variable 'accZ_h' [-Wunused-variable]
  486 |     float accZ_h = ACC_Value.z;
      |           ^~~~~~
C:/Users/GGPC/Documents/704P2/COMSYS704/Projects/STM32L476JG-SensorTile/Applications/ALLMEMS1/Src/main.c:485:11: warning: unused variable 'accY_h' [-Wunused-variable]
  485 |     float accY_h = ACC_Value.y;
      |           ^~~~~~
C:/Users/GGPC/Documents/704P2/COMSYS704/Projects/STM32L476JG-SensorTile/Applications/ALLMEMS1/Src/main.c:484:11: warning: unused variable 'accX_h' [-Wunused-variable]
  484 |     float accX_h = ACC_Value.x; // in milli g
      |           ^~~~~~
C:/Users/GGPC/Documents/704P2/COMSYS704/Projects/STM32L476JG-SensorTile/Applications/ALLMEMS1/Src/main.c:482:11: warning: unused variable 'magZ_h' [-Wunused-variable]
  482 |     float magZ_h = MAG_Value.z;
      |           ^~~~~~
At top level:
C:/Users/GGPC/Documents/704P2/COMSYS704/Projects/STM32L476JG-SensorTile/Applications/ALLMEMS1/Src/main.c:1115:13: warning: 'DeinitTimers' defined but not used [-Wunused-function]
 1115 | static void DeinitTimers(void)
      |             ^~~~~~~~~~~~
arm-none-eabi-g++ -o "STM32L476JG-SensorTile_ALLMEMS1.elf" @"objects.list"   -mcpu=cortex-m4 -T"../STM32L476RGTX.ld" -Wl,-Map="STM32L476JG-SensorTile_ALLMEMS1.map" -Wl,--gc-sections -static --specs=nano.specs -mfpu=fpv4-sp-d16 -mfloat-abi=softfp -mthumb -Wl,--start-group -lc -lm -lstdc++ -lsupc++ -Wl,--end-group
Finished building target: STM32L476JG-SensorTile_ALLMEMS1.elf
 
arm-none-eabi-size   STM32L476JG-SensorTile_ALLMEMS1.elf 
   text	   data	    bss	    dec	    hex	filename
  43400	    520	  22688	  66608	  10430	STM32L476JG-SensorTile_ALLMEMS1.elf
Finished building: default.size.stdout
 
arm-none-eabi-objdump -h -S  STM32L476JG-SensorTile_ALLMEMS1.elf  > "STM32L476JG-SensorTile_ALLMEMS1.list"
Finished building: STM32L476JG-SensorTile_ALLMEMS1.list
 
arm-none-eabi-objcopy -O binary "STM32L476JG-SensorTile_ALLMEMS1.elf" "STM32L476JG-SensorTile_ALLMEMS1.bin"
 
00:33:36 **** Incremental Build of configuration Debug for project COMSYS704 ****
make all 
arm-none-eabi-gcc "C:/Users/GGPC/Documents/704P2/COMSYS704/Projects/STM32L476JG-SensorTile/Applications/ALLMEMS1/Src/main.c" -mcpu=cortex-m4 -std=c99 -g3 -DDEBUG -DUSE_HAL_DRIVER -DSTM32L476xx -DUSE_STM32L4XX_NUCLEO -DSTM32_SENSORTILE -c -I../../Inc -I../../../../../../Drivers/CMSIS/Device/ST/STM32L4xx/Include -I../../../../../../Drivers/STM32L4xx_HAL_Driver/Inc -I../../../../../../Drivers/BSP/SensorTile -I../../../../../../Drivers/CMSIS/Include -I../../../../../../Drivers/BSP/Components/Common -I../../../../../../Middlewares/ST/BlueNRG-MS/includes -I../../../../../../Middlewares/ST/BlueNRG-MS/utils -I../../../../../../Middlewares/ST/BlueNRG-MS/hci/hci_tl_patterns/Basic -I../../../../../../Middlewares/ST/STM32_USB_Device_Library/Class/CDC/Inc -I../../../../../../Middlewares/ST/STM32_USB_Device_Library/Core/Inc -Og -ffunction-sections -Wall -fstack-usage -fcyclomatic-complexity -MMD -MP -MF"Application/User/main.d" -MT"Application/User/main.o" --specs=nano.specs -mfpu=fpv4-sp-d16 -mfloat-abi=softfp -mthumb -o "Application/User/main.o"
C:/Users/GGPC/Documents/704P2/COMSYS704/Projects/STM32L476JG-SensorTile/Applications/ALLMEMS1/Src/main.c: In function 'main':
C:/Users/GGPC/Documents/704P2/COMSYS704/Projects/STM32L476JG-SensorTile/Applications/ALLMEMS1/Src/main.c:545:13: warning: unused variable 'accMagnitudeInt' [-Wunused-variable]
  545 |     int16_t accMagnitudeInt = (int16_t)accMagnitude_mg;
      |             ^~~~~~~~~~~~~~~
C:/Users/GGPC/Documents/704P2/COMSYS704/Projects/STM32L476JG-SensorTile/Applications/ALLMEMS1/Src/main.c:538:13: warning: unused variable 'accZ_int' [-Wunused-variable]
  538 |     int16_t accZ_int = (int16_t)accZ_mg;
      |             ^~~~~~~~
C:/Users/GGPC/Documents/704P2/COMSYS704/Projects/STM32L476JG-SensorTile/Applications/ALLMEMS1/Src/main.c:537:13: warning: unused variable 'accY_int' [-Wunused-variable]
  537 |     int16_t accY_int = (int16_t)accY_mg;
      |             ^~~~~~~~
C:/Users/GGPC/Documents/704P2/COMSYS704/Projects/STM32L476JG-SensorTile/Applications/ALLMEMS1/Src/main.c:536:13: warning: unused variable 'accX_int' [-Wunused-variable]
  536 |     int16_t accX_int = (int16_t)accX_mg;
      |             ^~~~~~~~
C:/Users/GGPC/Documents/704P2/COMSYS704/Projects/STM32L476JG-SensorTile/Applications/ALLMEMS1/Src/main.c:480:11: warning: unused variable 'accZ_h' [-Wunused-variable]
  480 |     float accZ_h = ACC_Value.z;
      |           ^~~~~~
C:/Users/GGPC/Documents/704P2/COMSYS704/Projects/STM32L476JG-SensorTile/Applications/ALLMEMS1/Src/main.c:479:11: warning: unused variable 'accY_h' [-Wunused-variable]
  479 |     float accY_h = ACC_Value.y;
      |           ^~~~~~
C:/Users/GGPC/Documents/704P2/COMSYS704/Projects/STM32L476JG-SensorTile/Applications/ALLMEMS1/Src/main.c:478:11: warning: unused variable 'accX_h' [-Wunused-variable]
  478 |     float accX_h = ACC_Value.x; // in milli g
      |           ^~~~~~
C:/Users/GGPC/Documents/704P2/COMSYS704/Projects/STM32L476JG-SensorTile/Applications/ALLMEMS1/Src/main.c:476:11: warning: unused variable 'magZ_h' [-Wunused-variable]
  476 |     float magZ_h = MAG_Value.z;
      |           ^~~~~~
At top level:
C:/Users/GGPC/Documents/704P2/COMSYS704/Projects/STM32L476JG-SensorTile/Applications/ALLMEMS1/Src/main.c:1109:13: warning: 'DeinitTimers' defined but not used [-Wunused-function]
 1109 | static void DeinitTimers(void)
      |             ^~~~~~~~~~~~
arm-none-eabi-g++ -o "STM32L476JG-SensorTile_ALLMEMS1.elf" @"objects.list"   -mcpu=cortex-m4 -T"../STM32L476RGTX.ld" -Wl,-Map="STM32L476JG-SensorTile_ALLMEMS1.map" -Wl,--gc-sections -static --specs=nano.specs -mfpu=fpv4-sp-d16 -mfloat-abi=softfp -mthumb -Wl,--start-group -lc -lm -lstdc++ -lsupc++ -Wl,--end-group
Finished building target: STM32L476JG-SensorTile_ALLMEMS1.elf
 
arm-none-eabi-size   STM32L476JG-SensorTile_ALLMEMS1.elf 
   text	   data	    bss	    dec	    hex	filename
  43432	    520	  22688	  66640	  10450	STM32L476JG-SensorTile_ALLMEMS1.elf
Finished building: default.size.stdout
 
arm-none-eabi-objdump -h -S  STM32L476JG-SensorTile_ALLMEMS1.elf  > "STM32L476JG-SensorTile_ALLMEMS1.list"
Finished building: STM32L476JG-SensorTile_ALLMEMS1.list
 
arm-none-eabi-objcopy -O binary "STM32L476JG-SensorTile_ALLMEMS1.elf" "STM32L476JG-SensorTile_ALLMEMS1.bin"
 
00:40:21 **** Incremental Build of configuration Debug for project COMSYS704 ****
make all 
arm-none-eabi-gcc "C:/Users/GGPC/Documents/704P2/COMSYS704/Projects/STM32L476JG-SensorTile/Applications/ALLMEMS1/Src/main.c" -mcpu=cortex-m4 -std=c99 -g3 -DDEBUG -DUSE_HAL_DRIVER -DSTM32L476xx -DUSE_STM32L4XX_NUCLEO -DSTM32_SENSORTILE -c -I../../Inc -I../../../../../../Drivers/CMSIS/Device/ST/STM32L4xx/Include -I../../../../../../Drivers/STM32L4xx_HAL_Driver/Inc -I../../../../../../Drivers/BSP/SensorTile -I../../../../../../Drivers/CMSIS/Include -I../../../../../../Drivers/BSP/Components/Common -I../../../../../../Middlewares/ST/BlueNRG-MS/includes -I../../../../../../Middlewares/ST/BlueNRG-MS/utils -I../../../../../../Middlewares/ST/BlueNRG-MS/hci/hci_tl_patterns/Basic -I../../../../../../Middlewares/ST/STM32_USB_Device_Library/Class/CDC/Inc -I../../../../../../Middlewares/ST/STM32_USB_Device_Library/Core/Inc -Og -ffunction-sections -Wall -fstack-usage -fcyclomatic-complexity -MMD -MP -MF"Application/User/main.d" -MT"Application/User/main.o" --specs=nano.specs -mfpu=fpv4-sp-d16 -mfloat-abi=softfp -mthumb -o "Application/User/main.o"
C:/Users/GGPC/Documents/704P2/COMSYS704/Projects/STM32L476JG-SensorTile/Applications/ALLMEMS1/Src/main.c: In function 'readAcc':
C:/Users/GGPC/Documents/704P2/COMSYS704/Projects/STM32L476JG-SensorTile/Applications/ALLMEMS1/Src/main.c:336:21: error: 'X_AXIS' undeclared (first use in this function)
  336 |             accData[X_AXIS] = (int16_t)((uint16_t)inData[1] << 8) | inData[0];
      |                     ^~~~~~
C:/Users/GGPC/Documents/704P2/COMSYS704/Projects/STM32L476JG-SensorTile/Applications/ALLMEMS1/Src/main.c:336:21: note: each undeclared identifier is reported only once for each function it appears in
C:/Users/GGPC/Documents/704P2/COMSYS704/Projects/STM32L476JG-SensorTile/Applications/ALLMEMS1/Src/main.c:337:21: error: 'Y_AXIS' undeclared (first use in this function)
  337 |             accData[Y_AXIS] = (int16_t)((uint16_t)inData[3] << 8) | inData[2];
      |                     ^~~~~~
C:/Users/GGPC/Documents/704P2/COMSYS704/Projects/STM32L476JG-SensorTile/Applications/ALLMEMS1/Src/main.c:338:21: error: 'Z_AXIS' undeclared (first use in this function)
  338 |             accData[Z_AXIS] = (int16_t)((uint16_t)inData[5] << 8) | inData[4];
      |                     ^~~~~~
C:/Users/GGPC/Documents/704P2/COMSYS704/Projects/STM32L476JG-SensorTile/Applications/ALLMEMS1/Src/main.c:323:9: warning: variable 'accData' set but not used [-Wunused-but-set-variable]
  323 |     int accData[3] = {0,0,0};
      |         ^~~~~~~
C:/Users/GGPC/Documents/704P2/COMSYS704/Projects/STM32L476JG-SensorTile/Applications/ALLMEMS1/Src/main.c: In function 'main':
C:/Users/GGPC/Documents/704P2/COMSYS704/Projects/STM32L476JG-SensorTile/Applications/ALLMEMS1/Src/main.c:540:13: warning: unused variable 'accMagnitudeInt' [-Wunused-variable]
  540 |     int16_t accMagnitudeInt = (int16_t)accMagnitude_mg;
      |             ^~~~~~~~~~~~~~~
C:/Users/GGPC/Documents/704P2/COMSYS704/Projects/STM32L476JG-SensorTile/Applications/ALLMEMS1/Src/main.c:533:13: warning: unused variable 'accZ_int' [-Wunused-variable]
  533 |     int16_t accZ_int = (int16_t)accZ_mg;
      |             ^~~~~~~~
C:/Users/GGPC/Documents/704P2/COMSYS704/Projects/STM32L476JG-SensorTile/Applications/ALLMEMS1/Src/main.c:532:13: warning: unused variable 'accY_int' [-Wunused-variable]
  532 |     int16_t accY_int = (int16_t)accY_mg;
      |             ^~~~~~~~
C:/Users/GGPC/Documents/704P2/COMSYS704/Projects/STM32L476JG-SensorTile/Applications/ALLMEMS1/Src/main.c:531:13: warning: unused variable 'accX_int' [-Wunused-variable]
  531 |     int16_t accX_int = (int16_t)accX_mg;
      |             ^~~~~~~~
C:/Users/GGPC/Documents/704P2/COMSYS704/Projects/STM32L476JG-SensorTile/Applications/ALLMEMS1/Src/main.c:475:11: warning: unused variable 'accZ_h' [-Wunused-variable]
  475 |     float accZ_h = ACC_Value.z;
      |           ^~~~~~
C:/Users/GGPC/Documents/704P2/COMSYS704/Projects/STM32L476JG-SensorTile/Applications/ALLMEMS1/Src/main.c:474:11: warning: unused variable 'accY_h' [-Wunused-variable]
  474 |     float accY_h = ACC_Value.y;
      |           ^~~~~~
C:/Users/GGPC/Documents/704P2/COMSYS704/Projects/STM32L476JG-SensorTile/Applications/ALLMEMS1/Src/main.c:473:11: warning: unused variable 'accX_h' [-Wunused-variable]
  473 |     float accX_h = ACC_Value.x; // in milli g
      |           ^~~~~~
C:/Users/GGPC/Documents/704P2/COMSYS704/Projects/STM32L476JG-SensorTile/Applications/ALLMEMS1/Src/main.c:471:11: warning: unused variable 'magZ_h' [-Wunused-variable]
  471 |     float magZ_h = MAG_Value.z;
      |           ^~~~~~
At top level:
C:/Users/GGPC/Documents/704P2/COMSYS704/Projects/STM32L476JG-SensorTile/Applications/ALLMEMS1/Src/main.c:1104:13: warning: 'DeinitTimers' defined but not used [-Wunused-function]
 1104 | static void DeinitTimers(void)
      |             ^~~~~~~~~~~~
make[1]: *** [Application/User/subdir.mk:50: Application/User/main.o] Error 1
make: *** [makefile:82: all] Error 2
"make all" terminated with exit code 2. Build might be incomplete.
00:40:43 **** Incremental Build of configuration Debug for project COMSYS704 ****
make all 
arm-none-eabi-gcc "C:/Users/GGPC/Documents/704P2/COMSYS704/Projects/STM32L476JG-SensorTile/Applications/ALLMEMS1/Src/main.c" -mcpu=cortex-m4 -std=c99 -g3 -DDEBUG -DUSE_HAL_DRIVER -DSTM32L476xx -DUSE_STM32L4XX_NUCLEO -DSTM32_SENSORTILE -c -I../../Inc -I../../../../../../Drivers/CMSIS/Device/ST/STM32L4xx/Include -I../../../../../../Drivers/STM32L4xx_HAL_Driver/Inc -I../../../../../../Drivers/BSP/SensorTile -I../../../../../../Drivers/CMSIS/Include -I../../../../../../Drivers/BSP/Components/Common -I../../../../../../Middlewares/ST/BlueNRG-MS/includes -I../../../../../../Middlewares/ST/BlueNRG-MS/utils -I../../../../../../Middlewares/ST/BlueNRG-MS/hci/hci_tl_patterns/Basic -I../../../../../../Middlewares/ST/STM32_USB_Device_Library/Class/CDC/Inc -I../../../../../../Middlewares/ST/STM32_USB_Device_Library/Core/Inc -Og -ffunction-sections -Wall -fstack-usage -fcyclomatic-complexity -MMD -MP -MF"Application/User/main.d" -MT"Application/User/main.o" --specs=nano.specs -mfpu=fpv4-sp-d16 -mfloat-abi=softfp -mthumb -o "Application/User/main.o"
C:/Users/GGPC/Documents/704P2/COMSYS704/Projects/STM32L476JG-SensorTile/Applications/ALLMEMS1/Src/main.c: In function 'main':
C:/Users/GGPC/Documents/704P2/COMSYS704/Projects/STM32L476JG-SensorTile/Applications/ALLMEMS1/Src/main.c:541:13: warning: unused variable 'accMagnitudeInt' [-Wunused-variable]
  541 |     int16_t accMagnitudeInt = (int16_t)accMagnitude_mg;
      |             ^~~~~~~~~~~~~~~
C:/Users/GGPC/Documents/704P2/COMSYS704/Projects/STM32L476JG-SensorTile/Applications/ALLMEMS1/Src/main.c:534:13: warning: unused variable 'accZ_int' [-Wunused-variable]
  534 |     int16_t accZ_int = (int16_t)accZ_mg;
      |             ^~~~~~~~
C:/Users/GGPC/Documents/704P2/COMSYS704/Projects/STM32L476JG-SensorTile/Applications/ALLMEMS1/Src/main.c:533:13: warning: unused variable 'accY_int' [-Wunused-variable]
  533 |     int16_t accY_int = (int16_t)accY_mg;
      |             ^~~~~~~~
C:/Users/GGPC/Documents/704P2/COMSYS704/Projects/STM32L476JG-SensorTile/Applications/ALLMEMS1/Src/main.c:532:13: warning: unused variable 'accX_int' [-Wunused-variable]
  532 |     int16_t accX_int = (int16_t)accX_mg;
      |             ^~~~~~~~
C:/Users/GGPC/Documents/704P2/COMSYS704/Projects/STM32L476JG-SensorTile/Applications/ALLMEMS1/Src/main.c:476:11: warning: unused variable 'accZ_h' [-Wunused-variable]
  476 |     float accZ_h = ACC_Value.z;
      |           ^~~~~~
C:/Users/GGPC/Documents/704P2/COMSYS704/Projects/STM32L476JG-SensorTile/Applications/ALLMEMS1/Src/main.c:475:11: warning: unused variable 'accY_h' [-Wunused-variable]
  475 |     float accY_h = ACC_Value.y;
      |           ^~~~~~
C:/Users/GGPC/Documents/704P2/COMSYS704/Projects/STM32L476JG-SensorTile/Applications/ALLMEMS1/Src/main.c:474:11: warning: unused variable 'accX_h' [-Wunused-variable]
  474 |     float accX_h = ACC_Value.x; // in milli g
      |           ^~~~~~
C:/Users/GGPC/Documents/704P2/COMSYS704/Projects/STM32L476JG-SensorTile/Applications/ALLMEMS1/Src/main.c:472:11: warning: unused variable 'magZ_h' [-Wunused-variable]
  472 |     float magZ_h = MAG_Value.z;
      |           ^~~~~~
At top level:
C:/Users/GGPC/Documents/704P2/COMSYS704/Projects/STM32L476JG-SensorTile/Applications/ALLMEMS1/Src/main.c:1105:13: warning: 'DeinitTimers' defined but not used [-Wunused-function]
 1105 | static void DeinitTimers(void)
      |             ^~~~~~~~~~~~
arm-none-eabi-g++ -o "STM32L476JG-SensorTile_ALLMEMS1.elf" @"objects.list"   -mcpu=cortex-m4 -T"../STM32L476RGTX.ld" -Wl,-Map="STM32L476JG-SensorTile_ALLMEMS1.map" -Wl,--gc-sections -static --specs=nano.specs -mfpu=fpv4-sp-d16 -mfloat-abi=softfp -mthumb -Wl,--start-group -lc -lm -lstdc++ -lsupc++ -Wl,--end-group
Finished building target: STM32L476JG-SensorTile_ALLMEMS1.elf
 
arm-none-eabi-size   STM32L476JG-SensorTile_ALLMEMS1.elf 
   text	   data	    bss	    dec	    hex	filename
  43464	    520	  22688	  66672	  10470	STM32L476JG-SensorTile_ALLMEMS1.elf
Finished building: default.size.stdout
 
arm-none-eabi-objdump -h -S  STM32L476JG-SensorTile_ALLMEMS1.elf  > "STM32L476JG-SensorTile_ALLMEMS1.list"
Finished building: STM32L476JG-SensorTile_ALLMEMS1.list
 
arm-none-eabi-objcopy -O binary "STM32L476JG-SensorTile_ALLMEMS1.elf" "STM32L476JG-SensorTile_ALLMEMS1.bin"
 
00:42:28 **** Incremental Build of configuration Debug for project COMSYS704 ****
make all 
arm-none-eabi-gcc "C:/Users/GGPC/Documents/704P2/COMSYS704/Projects/STM32L476JG-SensorTile/Applications/ALLMEMS1/Src/main.c" -mcpu=cortex-m4 -std=c99 -g3 -DDEBUG -DUSE_HAL_DRIVER -DSTM32L476xx -DUSE_STM32L4XX_NUCLEO -DSTM32_SENSORTILE -c -I../../Inc -I../../../../../../Drivers/CMSIS/Device/ST/STM32L4xx/Include -I../../../../../../Drivers/STM32L4xx_HAL_Driver/Inc -I../../../../../../Drivers/BSP/SensorTile -I../../../../../../Drivers/CMSIS/Include -I../../../../../../Drivers/BSP/Components/Common -I../../../../../../Middlewares/ST/BlueNRG-MS/includes -I../../../../../../Middlewares/ST/BlueNRG-MS/utils -I../../../../../../Middlewares/ST/BlueNRG-MS/hci/hci_tl_patterns/Basic -I../../../../../../Middlewares/ST/STM32_USB_Device_Library/Class/CDC/Inc -I../../../../../../Middlewares/ST/STM32_USB_Device_Library/Core/Inc -Og -ffunction-sections -Wall -fstack-usage -fcyclomatic-complexity -MMD -MP -MF"Application/User/main.d" -MT"Application/User/main.o" --specs=nano.specs -mfpu=fpv4-sp-d16 -mfloat-abi=softfp -mthumb -o "Application/User/main.o"
C:/Users/GGPC/Documents/704P2/COMSYS704/Projects/STM32L476JG-SensorTile/Applications/ALLMEMS1/Src/main.c: In function 'main':
C:/Users/GGPC/Documents/704P2/COMSYS704/Projects/STM32L476JG-SensorTile/Applications/ALLMEMS1/Src/main.c:541:13: warning: unused variable 'accMagnitudeInt' [-Wunused-variable]
  541 |     int16_t accMagnitudeInt = (int16_t)accMagnitude_mg;
      |             ^~~~~~~~~~~~~~~
C:/Users/GGPC/Documents/704P2/COMSYS704/Projects/STM32L476JG-SensorTile/Applications/ALLMEMS1/Src/main.c:534:13: warning: unused variable 'accZ_int' [-Wunused-variable]
  534 |     int16_t accZ_int = (int16_t)accZ_mg;
      |             ^~~~~~~~
C:/Users/GGPC/Documents/704P2/COMSYS704/Projects/STM32L476JG-SensorTile/Applications/ALLMEMS1/Src/main.c:533:13: warning: unused variable 'accY_int' [-Wunused-variable]
  533 |     int16_t accY_int = (int16_t)accY_mg;
      |             ^~~~~~~~
C:/Users/GGPC/Documents/704P2/COMSYS704/Projects/STM32L476JG-SensorTile/Applications/ALLMEMS1/Src/main.c:532:13: warning: unused variable 'accX_int' [-Wunused-variable]
  532 |     int16_t accX_int = (int16_t)accX_mg;
      |             ^~~~~~~~
C:/Users/GGPC/Documents/704P2/COMSYS704/Projects/STM32L476JG-SensorTile/Applications/ALLMEMS1/Src/main.c:476:11: warning: unused variable 'accZ_h' [-Wunused-variable]
  476 |     float accZ_h = ACC_Value.z;
      |           ^~~~~~
C:/Users/GGPC/Documents/704P2/COMSYS704/Projects/STM32L476JG-SensorTile/Applications/ALLMEMS1/Src/main.c:475:11: warning: unused variable 'accY_h' [-Wunused-variable]
  475 |     float accY_h = ACC_Value.y;
      |           ^~~~~~
C:/Users/GGPC/Documents/704P2/COMSYS704/Projects/STM32L476JG-SensorTile/Applications/ALLMEMS1/Src/main.c:474:11: warning: unused variable 'accX_h' [-Wunused-variable]
  474 |     float accX_h = ACC_Value.x; // in milli g
      |           ^~~~~~
C:/Users/GGPC/Documents/704P2/COMSYS704/Projects/STM32L476JG-SensorTile/Applications/ALLMEMS1/Src/main.c:472:11: warning: unused variable 'magZ_h' [-Wunused-variable]
  472 |     float magZ_h = MAG_Value.z;
      |           ^~~~~~
At top level:
C:/Users/GGPC/Documents/704P2/COMSYS704/Projects/STM32L476JG-SensorTile/Applications/ALLMEMS1/Src/main.c:1105:13: warning: 'DeinitTimers' defined but not used [-Wunused-function]
 1105 | static void DeinitTimers(void)
      |             ^~~~~~~~~~~~
arm-none-eabi-g++ -o "STM32L476JG-SensorTile_ALLMEMS1.elf" @"objects.list"   -mcpu=cortex-m4 -T"../STM32L476RGTX.ld" -Wl,-Map="STM32L476JG-SensorTile_ALLMEMS1.map" -Wl,--gc-sections -static --specs=nano.specs -mfpu=fpv4-sp-d16 -mfloat-abi=softfp -mthumb -Wl,--start-group -lc -lm -lstdc++ -lsupc++ -Wl,--end-group
Finished building target: STM32L476JG-SensorTile_ALLMEMS1.elf
 
arm-none-eabi-size   STM32L476JG-SensorTile_ALLMEMS1.elf 
   text	   data	    bss	    dec	    hex	filename
  43464	    520	  22688	  66672	  10470	STM32L476JG-SensorTile_ALLMEMS1.elf
Finished building: default.size.stdout
 
arm-none-eabi-objdump -h -S  STM32L476JG-SensorTile_ALLMEMS1.elf  > "STM32L476JG-SensorTile_ALLMEMS1.list"
Finished building: STM32L476JG-SensorTile_ALLMEMS1.list
 
arm-none-eabi-objcopy -O binary "STM32L476JG-SensorTile_ALLMEMS1.elf" "STM32L476JG-SensorTile_ALLMEMS1.bin"
 
00:52:41 **** Incremental Build of configuration Debug for project COMSYS704 ****
make all 
arm-none-eabi-gcc "C:/Users/GGPC/Documents/704P2/COMSYS704/Projects/STM32L476JG-SensorTile/Applications/ALLMEMS1/Src/main.c" -mcpu=cortex-m4 -std=c99 -g3 -DDEBUG -DUSE_HAL_DRIVER -DSTM32L476xx -DUSE_STM32L4XX_NUCLEO -DSTM32_SENSORTILE -c -I../../Inc -I../../../../../../Drivers/CMSIS/Device/ST/STM32L4xx/Include -I../../../../../../Drivers/STM32L4xx_HAL_Driver/Inc -I../../../../../../Drivers/BSP/SensorTile -I../../../../../../Drivers/CMSIS/Include -I../../../../../../Drivers/BSP/Components/Common -I../../../../../../Middlewares/ST/BlueNRG-MS/includes -I../../../../../../Middlewares/ST/BlueNRG-MS/utils -I../../../../../../Middlewares/ST/BlueNRG-MS/hci/hci_tl_patterns/Basic -I../../../../../../Middlewares/ST/STM32_USB_Device_Library/Class/CDC/Inc -I../../../../../../Middlewares/ST/STM32_USB_Device_Library/Core/Inc -Og -ffunction-sections -Wall -fstack-usage -fcyclomatic-complexity -MMD -MP -MF"Application/User/main.d" -MT"Application/User/main.o" --specs=nano.specs -mfpu=fpv4-sp-d16 -mfloat-abi=softfp -mthumb -o "Application/User/main.o"
In file included from ../../Inc/main.h:27,
                 from C:/Users/GGPC/Documents/704P2/COMSYS704/Projects/STM32L476JG-SensorTile/Applications/ALLMEMS1/Src/main.c:39:
C:/Users/GGPC/Documents/704P2/COMSYS704/Projects/STM32L476JG-SensorTile/Applications/ALLMEMS1/Src/main.c: In function 'readAcc':
C:/Users/GGPC/Documents/704P2/COMSYS704/Projects/STM32L476JG-SensorTile/Applications/ALLMEMS1/Src/main.c:357:13: warning: format '%d' expects argument of type 'int', but argument 3 has type 'uint32_t' {aka 'long unsigned int'} [-Wformat=]
  357 |     XPRINTF("Converted ACC=%d,%d,%d mg\r\n", ACC_Value.x, ACC_Value.y, ACC_Value.z);
      |             ^~~~~~~~~~~~~~~~~~~~~~~~~~~~~~~  ~~~~~~~~~~~
      |                                                       |
      |                                                       uint32_t {aka long unsigned int}
../../Inc/ALLMEMS1_config.h:126:52: note: in definition of macro 'XPRINTF'
  126 |       TmpBytesToWrite = sprintf( TmpBufferToWrite, __VA_ARGS__);\
      |                                                    ^~~~~~~~~~~
C:/Users/GGPC/Documents/704P2/COMSYS704/Projects/STM32L476JG-SensorTile/Applications/ALLMEMS1/Src/main.c:357:29: note: format string is defined here
  357 |     XPRINTF("Converted ACC=%d,%d,%d mg\r\n", ACC_Value.x, ACC_Value.y, ACC_Value.z);
      |                            ~^
      |                             |
      |                             int
      |                            %ld
In file included from ../../Inc/main.h:27,
                 from C:/Users/GGPC/Documents/704P2/COMSYS704/Projects/STM32L476JG-SensorTile/Applications/ALLMEMS1/Src/main.c:39:
C:/Users/GGPC/Documents/704P2/COMSYS704/Projects/STM32L476JG-SensorTile/Applications/ALLMEMS1/Src/main.c:357:13: warning: format '%d' expects argument of type 'int', but argument 4 has type 'uint32_t' {aka 'long unsigned int'} [-Wformat=]
  357 |     XPRINTF("Converted ACC=%d,%d,%d mg\r\n", ACC_Value.x, ACC_Value.y, ACC_Value.z);
      |             ^~~~~~~~~~~~~~~~~~~~~~~~~~~~~~~               ~~~~~~~~~~~
      |                                                                    |
      |                                                                    uint32_t {aka long unsigned int}
../../Inc/ALLMEMS1_config.h:126:52: note: in definition of macro 'XPRINTF'
  126 |       TmpBytesToWrite = sprintf( TmpBufferToWrite, __VA_ARGS__);\
      |                                                    ^~~~~~~~~~~
C:/Users/GGPC/Documents/704P2/COMSYS704/Projects/STM32L476JG-SensorTile/Applications/ALLMEMS1/Src/main.c:357:32: note: format string is defined here
  357 |     XPRINTF("Converted ACC=%d,%d,%d mg\r\n", ACC_Value.x, ACC_Value.y, ACC_Value.z);
      |                               ~^
      |                                |
      |                                int
      |                               %ld
In file included from ../../Inc/main.h:27,
                 from C:/Users/GGPC/Documents/704P2/COMSYS704/Projects/STM32L476JG-SensorTile/Applications/ALLMEMS1/Src/main.c:39:
C:/Users/GGPC/Documents/704P2/COMSYS704/Projects/STM32L476JG-SensorTile/Applications/ALLMEMS1/Src/main.c:357:13: warning: format '%d' expects argument of type 'int', but argument 5 has type 'uint32_t' {aka 'long unsigned int'} [-Wformat=]
  357 |     XPRINTF("Converted ACC=%d,%d,%d mg\r\n", ACC_Value.x, ACC_Value.y, ACC_Value.z);
      |             ^~~~~~~~~~~~~~~~~~~~~~~~~~~~~~~                            ~~~~~~~~~~~
      |                                                                                 |
      |                                                                                 uint32_t {aka long unsigned int}
../../Inc/ALLMEMS1_config.h:126:52: note: in definition of macro 'XPRINTF'
  126 |       TmpBytesToWrite = sprintf( TmpBufferToWrite, __VA_ARGS__);\
      |                                                    ^~~~~~~~~~~
C:/Users/GGPC/Documents/704P2/COMSYS704/Projects/STM32L476JG-SensorTile/Applications/ALLMEMS1/Src/main.c:357:35: note: format string is defined here
  357 |     XPRINTF("Converted ACC=%d,%d,%d mg\r\n", ACC_Value.x, ACC_Value.y, ACC_Value.z);
      |                                  ~^
      |                                   |
      |                                   int
      |                                  %ld
C:/Users/GGPC/Documents/704P2/COMSYS704/Projects/STM32L476JG-SensorTile/Applications/ALLMEMS1/Src/main.c: In function 'main':
C:/Users/GGPC/Documents/704P2/COMSYS704/Projects/STM32L476JG-SensorTile/Applications/ALLMEMS1/Src/main.c:534:13: warning: unused variable 'accMagnitudeInt' [-Wunused-variable]
  534 |     int16_t accMagnitudeInt = (int16_t)accMagnitude_mg;
      |             ^~~~~~~~~~~~~~~
C:/Users/GGPC/Documents/704P2/COMSYS704/Projects/STM32L476JG-SensorTile/Applications/ALLMEMS1/Src/main.c:527:13: warning: unused variable 'accZ_int' [-Wunused-variable]
  527 |     int16_t accZ_int = (int16_t)accZ_mg;
      |             ^~~~~~~~
C:/Users/GGPC/Documents/704P2/COMSYS704/Projects/STM32L476JG-SensorTile/Applications/ALLMEMS1/Src/main.c:526:13: warning: unused variable 'accY_int' [-Wunused-variable]
  526 |     int16_t accY_int = (int16_t)accY_mg;
      |             ^~~~~~~~
C:/Users/GGPC/Documents/704P2/COMSYS704/Projects/STM32L476JG-SensorTile/Applications/ALLMEMS1/Src/main.c:525:13: warning: unused variable 'accX_int' [-Wunused-variable]
  525 |     int16_t accX_int = (int16_t)accX_mg;
      |             ^~~~~~~~
C:/Users/GGPC/Documents/704P2/COMSYS704/Projects/STM32L476JG-SensorTile/Applications/ALLMEMS1/Src/main.c:469:11: warning: unused variable 'accZ_h' [-Wunused-variable]
  469 |     float accZ_h = ACC_Value.z;
      |           ^~~~~~
C:/Users/GGPC/Documents/704P2/COMSYS704/Projects/STM32L476JG-SensorTile/Applications/ALLMEMS1/Src/main.c:468:11: warning: unused variable 'accY_h' [-Wunused-variable]
  468 |     float accY_h = ACC_Value.y;
      |           ^~~~~~
C:/Users/GGPC/Documents/704P2/COMSYS704/Projects/STM32L476JG-SensorTile/Applications/ALLMEMS1/Src/main.c:467:11: warning: unused variable 'accX_h' [-Wunused-variable]
  467 |     float accX_h = ACC_Value.x; // in milli g
      |           ^~~~~~
C:/Users/GGPC/Documents/704P2/COMSYS704/Projects/STM32L476JG-SensorTile/Applications/ALLMEMS1/Src/main.c:465:11: warning: unused variable 'magZ_h' [-Wunused-variable]
  465 |     float magZ_h = MAG_Value.z;
      |           ^~~~~~
At top level:
C:/Users/GGPC/Documents/704P2/COMSYS704/Projects/STM32L476JG-SensorTile/Applications/ALLMEMS1/Src/main.c:1098:13: warning: 'DeinitTimers' defined but not used [-Wunused-function]
 1098 | static void DeinitTimers(void)
      |             ^~~~~~~~~~~~
arm-none-eabi-g++ -o "STM32L476JG-SensorTile_ALLMEMS1.elf" @"objects.list"   -mcpu=cortex-m4 -T"../STM32L476RGTX.ld" -Wl,-Map="STM32L476JG-SensorTile_ALLMEMS1.map" -Wl,--gc-sections -static --specs=nano.specs -mfpu=fpv4-sp-d16 -mfloat-abi=softfp -mthumb -Wl,--start-group -lc -lm -lstdc++ -lsupc++ -Wl,--end-group
Finished building target: STM32L476JG-SensorTile_ALLMEMS1.elf
 
arm-none-eabi-size   STM32L476JG-SensorTile_ALLMEMS1.elf 
   text	   data	    bss	    dec	    hex	filename
  43488	    520	  22688	  66696	  10488	STM32L476JG-SensorTile_ALLMEMS1.elf
Finished building: default.size.stdout
 
arm-none-eabi-objdump -h -S  STM32L476JG-SensorTile_ALLMEMS1.elf  > "STM32L476JG-SensorTile_ALLMEMS1.list"
Finished building: STM32L476JG-SensorTile_ALLMEMS1.list
 
arm-none-eabi-objcopy -O binary "STM32L476JG-SensorTile_ALLMEMS1.elf" "STM32L476JG-SensorTile_ALLMEMS1.bin"
 
00:54:46 **** Incremental Build of configuration Debug for project COMSYS704 ****
make all 
arm-none-eabi-gcc "C:/Users/GGPC/Documents/704P2/COMSYS704/Projects/STM32L476JG-SensorTile/Applications/ALLMEMS1/Src/main.c" -mcpu=cortex-m4 -std=c99 -g3 -DDEBUG -DUSE_HAL_DRIVER -DSTM32L476xx -DUSE_STM32L4XX_NUCLEO -DSTM32_SENSORTILE -c -I../../Inc -I../../../../../../Drivers/CMSIS/Device/ST/STM32L4xx/Include -I../../../../../../Drivers/STM32L4xx_HAL_Driver/Inc -I../../../../../../Drivers/BSP/SensorTile -I../../../../../../Drivers/CMSIS/Include -I../../../../../../Drivers/BSP/Components/Common -I../../../../../../Middlewares/ST/BlueNRG-MS/includes -I../../../../../../Middlewares/ST/BlueNRG-MS/utils -I../../../../../../Middlewares/ST/BlueNRG-MS/hci/hci_tl_patterns/Basic -I../../../../../../Middlewares/ST/STM32_USB_Device_Library/Class/CDC/Inc -I../../../../../../Middlewares/ST/STM32_USB_Device_Library/Core/Inc -Og -ffunction-sections -Wall -fstack-usage -fcyclomatic-complexity -MMD -MP -MF"Application/User/main.d" -MT"Application/User/main.o" --specs=nano.specs -mfpu=fpv4-sp-d16 -mfloat-abi=softfp -mthumb -o "Application/User/main.o"
In file included from ../../Inc/main.h:27,
                 from C:/Users/GGPC/Documents/704P2/COMSYS704/Projects/STM32L476JG-SensorTile/Applications/ALLMEMS1/Src/main.c:39:
C:/Users/GGPC/Documents/704P2/COMSYS704/Projects/STM32L476JG-SensorTile/Applications/ALLMEMS1/Src/main.c: In function 'readAcc':
C:/Users/GGPC/Documents/704P2/COMSYS704/Projects/STM32L476JG-SensorTile/Applications/ALLMEMS1/Src/main.c:357:13: warning: format '%d' expects argument of type 'int', but argument 3 has type 'uint32_t' {aka 'long unsigned int'} [-Wformat=]
  357 |     XPRINTF("Converted ACC=%d,%d,%d mg\r\n", ACC_Value.x, ACC_Value.y, ACC_Value.z);
      |             ^~~~~~~~~~~~~~~~~~~~~~~~~~~~~~~  ~~~~~~~~~~~
      |                                                       |
      |                                                       uint32_t {aka long unsigned int}
../../Inc/ALLMEMS1_config.h:126:52: note: in definition of macro 'XPRINTF'
  126 |       TmpBytesToWrite = sprintf( TmpBufferToWrite, __VA_ARGS__);\
      |                                                    ^~~~~~~~~~~
C:/Users/GGPC/Documents/704P2/COMSYS704/Projects/STM32L476JG-SensorTile/Applications/ALLMEMS1/Src/main.c:357:29: note: format string is defined here
  357 |     XPRINTF("Converted ACC=%d,%d,%d mg\r\n", ACC_Value.x, ACC_Value.y, ACC_Value.z);
      |                            ~^
      |                             |
      |                             int
      |                            %ld
In file included from ../../Inc/main.h:27,
                 from C:/Users/GGPC/Documents/704P2/COMSYS704/Projects/STM32L476JG-SensorTile/Applications/ALLMEMS1/Src/main.c:39:
C:/Users/GGPC/Documents/704P2/COMSYS704/Projects/STM32L476JG-SensorTile/Applications/ALLMEMS1/Src/main.c:357:13: warning: format '%d' expects argument of type 'int', but argument 4 has type 'uint32_t' {aka 'long unsigned int'} [-Wformat=]
  357 |     XPRINTF("Converted ACC=%d,%d,%d mg\r\n", ACC_Value.x, ACC_Value.y, ACC_Value.z);
      |             ^~~~~~~~~~~~~~~~~~~~~~~~~~~~~~~               ~~~~~~~~~~~
      |                                                                    |
      |                                                                    uint32_t {aka long unsigned int}
../../Inc/ALLMEMS1_config.h:126:52: note: in definition of macro 'XPRINTF'
  126 |       TmpBytesToWrite = sprintf( TmpBufferToWrite, __VA_ARGS__);\
      |                                                    ^~~~~~~~~~~
C:/Users/GGPC/Documents/704P2/COMSYS704/Projects/STM32L476JG-SensorTile/Applications/ALLMEMS1/Src/main.c:357:32: note: format string is defined here
  357 |     XPRINTF("Converted ACC=%d,%d,%d mg\r\n", ACC_Value.x, ACC_Value.y, ACC_Value.z);
      |                               ~^
      |                                |
      |                                int
      |                               %ld
In file included from ../../Inc/main.h:27,
                 from C:/Users/GGPC/Documents/704P2/COMSYS704/Projects/STM32L476JG-SensorTile/Applications/ALLMEMS1/Src/main.c:39:
C:/Users/GGPC/Documents/704P2/COMSYS704/Projects/STM32L476JG-SensorTile/Applications/ALLMEMS1/Src/main.c:357:13: warning: format '%d' expects argument of type 'int', but argument 5 has type 'uint32_t' {aka 'long unsigned int'} [-Wformat=]
  357 |     XPRINTF("Converted ACC=%d,%d,%d mg\r\n", ACC_Value.x, ACC_Value.y, ACC_Value.z);
      |             ^~~~~~~~~~~~~~~~~~~~~~~~~~~~~~~                            ~~~~~~~~~~~
      |                                                                                 |
      |                                                                                 uint32_t {aka long unsigned int}
../../Inc/ALLMEMS1_config.h:126:52: note: in definition of macro 'XPRINTF'
  126 |       TmpBytesToWrite = sprintf( TmpBufferToWrite, __VA_ARGS__);\
      |                                                    ^~~~~~~~~~~
C:/Users/GGPC/Documents/704P2/COMSYS704/Projects/STM32L476JG-SensorTile/Applications/ALLMEMS1/Src/main.c:357:35: note: format string is defined here
  357 |     XPRINTF("Converted ACC=%d,%d,%d mg\r\n", ACC_Value.x, ACC_Value.y, ACC_Value.z);
      |                                  ~^
      |                                   |
      |                                   int
      |                                  %ld
C:/Users/GGPC/Documents/704P2/COMSYS704/Projects/STM32L476JG-SensorTile/Applications/ALLMEMS1/Src/main.c: In function 'main':
C:/Users/GGPC/Documents/704P2/COMSYS704/Projects/STM32L476JG-SensorTile/Applications/ALLMEMS1/Src/main.c:534:13: warning: unused variable 'accMagnitudeInt' [-Wunused-variable]
  534 |     int16_t accMagnitudeInt = (int16_t)accMagnitude_mg;
      |             ^~~~~~~~~~~~~~~
C:/Users/GGPC/Documents/704P2/COMSYS704/Projects/STM32L476JG-SensorTile/Applications/ALLMEMS1/Src/main.c:527:13: warning: unused variable 'accZ_int' [-Wunused-variable]
  527 |     int16_t accZ_int = (int16_t)accZ_mg;
      |             ^~~~~~~~
C:/Users/GGPC/Documents/704P2/COMSYS704/Projects/STM32L476JG-SensorTile/Applications/ALLMEMS1/Src/main.c:526:13: warning: unused variable 'accY_int' [-Wunused-variable]
  526 |     int16_t accY_int = (int16_t)accY_mg;
      |             ^~~~~~~~
C:/Users/GGPC/Documents/704P2/COMSYS704/Projects/STM32L476JG-SensorTile/Applications/ALLMEMS1/Src/main.c:525:13: warning: unused variable 'accX_int' [-Wunused-variable]
  525 |     int16_t accX_int = (int16_t)accX_mg;
      |             ^~~~~~~~
C:/Users/GGPC/Documents/704P2/COMSYS704/Projects/STM32L476JG-SensorTile/Applications/ALLMEMS1/Src/main.c:469:11: warning: unused variable 'accZ_h' [-Wunused-variable]
  469 |     float accZ_h = ACC_Value.z;
      |           ^~~~~~
C:/Users/GGPC/Documents/704P2/COMSYS704/Projects/STM32L476JG-SensorTile/Applications/ALLMEMS1/Src/main.c:468:11: warning: unused variable 'accY_h' [-Wunused-variable]
  468 |     float accY_h = ACC_Value.y;
      |           ^~~~~~
C:/Users/GGPC/Documents/704P2/COMSYS704/Projects/STM32L476JG-SensorTile/Applications/ALLMEMS1/Src/main.c:467:11: warning: unused variable 'accX_h' [-Wunused-variable]
  467 |     float accX_h = ACC_Value.x; // in milli g
      |           ^~~~~~
C:/Users/GGPC/Documents/704P2/COMSYS704/Projects/STM32L476JG-SensorTile/Applications/ALLMEMS1/Src/main.c:465:11: warning: unused variable 'magZ_h' [-Wunused-variable]
  465 |     float magZ_h = MAG_Value.z;
      |           ^~~~~~
At top level:
C:/Users/GGPC/Documents/704P2/COMSYS704/Projects/STM32L476JG-SensorTile/Applications/ALLMEMS1/Src/main.c:1098:13: warning: 'DeinitTimers' defined but not used [-Wunused-function]
 1098 | static void DeinitTimers(void)
      |             ^~~~~~~~~~~~
arm-none-eabi-g++ -o "STM32L476JG-SensorTile_ALLMEMS1.elf" @"objects.list"   -mcpu=cortex-m4 -T"../STM32L476RGTX.ld" -Wl,-Map="STM32L476JG-SensorTile_ALLMEMS1.map" -Wl,--gc-sections -static --specs=nano.specs -mfpu=fpv4-sp-d16 -mfloat-abi=softfp -mthumb -Wl,--start-group -lc -lm -lstdc++ -lsupc++ -Wl,--end-group
Finished building target: STM32L476JG-SensorTile_ALLMEMS1.elf
 
arm-none-eabi-size   STM32L476JG-SensorTile_ALLMEMS1.elf 
   text	   data	    bss	    dec	    hex	filename
  43488	    520	  22688	  66696	  10488	STM32L476JG-SensorTile_ALLMEMS1.elf
Finished building: default.size.stdout
 
arm-none-eabi-objdump -h -S  STM32L476JG-SensorTile_ALLMEMS1.elf  > "STM32L476JG-SensorTile_ALLMEMS1.list"
Finished building: STM32L476JG-SensorTile_ALLMEMS1.list
 
arm-none-eabi-objcopy -O binary "STM32L476JG-SensorTile_ALLMEMS1.elf" "STM32L476JG-SensorTile_ALLMEMS1.bin"
 
01:00:57 **** Incremental Build of configuration Debug for project COMSYS704 ****
make all 
arm-none-eabi-gcc "C:/Users/GGPC/Documents/704P2/COMSYS704/Projects/STM32L476JG-SensorTile/Applications/ALLMEMS1/Src/main.c" -mcpu=cortex-m4 -std=c99 -g3 -DDEBUG -DUSE_HAL_DRIVER -DSTM32L476xx -DUSE_STM32L4XX_NUCLEO -DSTM32_SENSORTILE -c -I../../Inc -I../../../../../../Drivers/CMSIS/Device/ST/STM32L4xx/Include -I../../../../../../Drivers/STM32L4xx_HAL_Driver/Inc -I../../../../../../Drivers/BSP/SensorTile -I../../../../../../Drivers/CMSIS/Include -I../../../../../../Drivers/BSP/Components/Common -I../../../../../../Middlewares/ST/BlueNRG-MS/includes -I../../../../../../Middlewares/ST/BlueNRG-MS/utils -I../../../../../../Middlewares/ST/BlueNRG-MS/hci/hci_tl_patterns/Basic -I../../../../../../Middlewares/ST/STM32_USB_Device_Library/Class/CDC/Inc -I../../../../../../Middlewares/ST/STM32_USB_Device_Library/Core/Inc -Og -ffunction-sections -Wall -fstack-usage -fcyclomatic-complexity -MMD -MP -MF"Application/User/main.d" -MT"Application/User/main.o" --specs=nano.specs -mfpu=fpv4-sp-d16 -mfloat-abi=softfp -mthumb -o "Application/User/main.o"
In file included from ../../Inc/main.h:27,
                 from C:/Users/GGPC/Documents/704P2/COMSYS704/Projects/STM32L476JG-SensorTile/Applications/ALLMEMS1/Src/main.c:39:
C:/Users/GGPC/Documents/704P2/COMSYS704/Projects/STM32L476JG-SensorTile/Applications/ALLMEMS1/Src/main.c: In function 'readAcc':
C:/Users/GGPC/Documents/704P2/COMSYS704/Projects/STM32L476JG-SensorTile/Applications/ALLMEMS1/Src/main.c:363:13: warning: format '%d' expects argument of type 'int', but argument 3 has type 'uint32_t' {aka 'long unsigned int'} [-Wformat=]
  363 |     XPRINTF("Converted ACC=%d,%d,%d mg\r\n", ACC_Value.x, ACC_Value.y, ACC_Value.z);
      |             ^~~~~~~~~~~~~~~~~~~~~~~~~~~~~~~  ~~~~~~~~~~~
      |                                                       |
      |                                                       uint32_t {aka long unsigned int}
../../Inc/ALLMEMS1_config.h:126:52: note: in definition of macro 'XPRINTF'
  126 |       TmpBytesToWrite = sprintf( TmpBufferToWrite, __VA_ARGS__);\
      |                                                    ^~~~~~~~~~~
C:/Users/GGPC/Documents/704P2/COMSYS704/Projects/STM32L476JG-SensorTile/Applications/ALLMEMS1/Src/main.c:363:29: note: format string is defined here
  363 |     XPRINTF("Converted ACC=%d,%d,%d mg\r\n", ACC_Value.x, ACC_Value.y, ACC_Value.z);
      |                            ~^
      |                             |
      |                             int
      |                            %ld
In file included from ../../Inc/main.h:27,
                 from C:/Users/GGPC/Documents/704P2/COMSYS704/Projects/STM32L476JG-SensorTile/Applications/ALLMEMS1/Src/main.c:39:
C:/Users/GGPC/Documents/704P2/COMSYS704/Projects/STM32L476JG-SensorTile/Applications/ALLMEMS1/Src/main.c:363:13: warning: format '%d' expects argument of type 'int', but argument 4 has type 'uint32_t' {aka 'long unsigned int'} [-Wformat=]
  363 |     XPRINTF("Converted ACC=%d,%d,%d mg\r\n", ACC_Value.x, ACC_Value.y, ACC_Value.z);
      |             ^~~~~~~~~~~~~~~~~~~~~~~~~~~~~~~               ~~~~~~~~~~~
      |                                                                    |
      |                                                                    uint32_t {aka long unsigned int}
../../Inc/ALLMEMS1_config.h:126:52: note: in definition of macro 'XPRINTF'
  126 |       TmpBytesToWrite = sprintf( TmpBufferToWrite, __VA_ARGS__);\
      |                                                    ^~~~~~~~~~~
C:/Users/GGPC/Documents/704P2/COMSYS704/Projects/STM32L476JG-SensorTile/Applications/ALLMEMS1/Src/main.c:363:32: note: format string is defined here
  363 |     XPRINTF("Converted ACC=%d,%d,%d mg\r\n", ACC_Value.x, ACC_Value.y, ACC_Value.z);
      |                               ~^
      |                                |
      |                                int
      |                               %ld
In file included from ../../Inc/main.h:27,
                 from C:/Users/GGPC/Documents/704P2/COMSYS704/Projects/STM32L476JG-SensorTile/Applications/ALLMEMS1/Src/main.c:39:
C:/Users/GGPC/Documents/704P2/COMSYS704/Projects/STM32L476JG-SensorTile/Applications/ALLMEMS1/Src/main.c:363:13: warning: format '%d' expects argument of type 'int', but argument 5 has type 'uint32_t' {aka 'long unsigned int'} [-Wformat=]
  363 |     XPRINTF("Converted ACC=%d,%d,%d mg\r\n", ACC_Value.x, ACC_Value.y, ACC_Value.z);
      |             ^~~~~~~~~~~~~~~~~~~~~~~~~~~~~~~                            ~~~~~~~~~~~
      |                                                                                 |
      |                                                                                 uint32_t {aka long unsigned int}
../../Inc/ALLMEMS1_config.h:126:52: note: in definition of macro 'XPRINTF'
  126 |       TmpBytesToWrite = sprintf( TmpBufferToWrite, __VA_ARGS__);\
      |                                                    ^~~~~~~~~~~
C:/Users/GGPC/Documents/704P2/COMSYS704/Projects/STM32L476JG-SensorTile/Applications/ALLMEMS1/Src/main.c:363:35: note: format string is defined here
  363 |     XPRINTF("Converted ACC=%d,%d,%d mg\r\n", ACC_Value.x, ACC_Value.y, ACC_Value.z);
      |                                  ~^
      |                                   |
      |                                   int
      |                                  %ld
C:/Users/GGPC/Documents/704P2/COMSYS704/Projects/STM32L476JG-SensorTile/Applications/ALLMEMS1/Src/main.c: In function 'main':
C:/Users/GGPC/Documents/704P2/COMSYS704/Projects/STM32L476JG-SensorTile/Applications/ALLMEMS1/Src/main.c:541:13: warning: unused variable 'accMagnitudeInt' [-Wunused-variable]
  541 |     int16_t accMagnitudeInt = (int16_t)accMagnitude_mg;
      |             ^~~~~~~~~~~~~~~
C:/Users/GGPC/Documents/704P2/COMSYS704/Projects/STM32L476JG-SensorTile/Applications/ALLMEMS1/Src/main.c:534:13: warning: unused variable 'accZ_int' [-Wunused-variable]
  534 |     int16_t accZ_int = (int16_t)accZ_mg;
      |             ^~~~~~~~
C:/Users/GGPC/Documents/704P2/COMSYS704/Projects/STM32L476JG-SensorTile/Applications/ALLMEMS1/Src/main.c:533:13: warning: unused variable 'accY_int' [-Wunused-variable]
  533 |     int16_t accY_int = (int16_t)accY_mg;
      |             ^~~~~~~~
C:/Users/GGPC/Documents/704P2/COMSYS704/Projects/STM32L476JG-SensorTile/Applications/ALLMEMS1/Src/main.c:532:13: warning: unused variable 'accX_int' [-Wunused-variable]
  532 |     int16_t accX_int = (int16_t)accX_mg;
      |             ^~~~~~~~
C:/Users/GGPC/Documents/704P2/COMSYS704/Projects/STM32L476JG-SensorTile/Applications/ALLMEMS1/Src/main.c:476:11: warning: unused variable 'accZ_h' [-Wunused-variable]
  476 |     float accZ_h = ACC_Value.z;
      |           ^~~~~~
C:/Users/GGPC/Documents/704P2/COMSYS704/Projects/STM32L476JG-SensorTile/Applications/ALLMEMS1/Src/main.c:475:11: warning: unused variable 'accY_h' [-Wunused-variable]
  475 |     float accY_h = ACC_Value.y;
      |           ^~~~~~
C:/Users/GGPC/Documents/704P2/COMSYS704/Projects/STM32L476JG-SensorTile/Applications/ALLMEMS1/Src/main.c:474:11: warning: unused variable 'accX_h' [-Wunused-variable]
  474 |     float accX_h = ACC_Value.x; // in milli g
      |           ^~~~~~
C:/Users/GGPC/Documents/704P2/COMSYS704/Projects/STM32L476JG-SensorTile/Applications/ALLMEMS1/Src/main.c:472:11: warning: unused variable 'magZ_h' [-Wunused-variable]
  472 |     float magZ_h = MAG_Value.z;
      |           ^~~~~~
At top level:
C:/Users/GGPC/Documents/704P2/COMSYS704/Projects/STM32L476JG-SensorTile/Applications/ALLMEMS1/Src/main.c:1105:13: warning: 'DeinitTimers' defined but not used [-Wunused-function]
 1105 | static void DeinitTimers(void)
      |             ^~~~~~~~~~~~
arm-none-eabi-g++ -o "STM32L476JG-SensorTile_ALLMEMS1.elf" @"objects.list"   -mcpu=cortex-m4 -T"../STM32L476RGTX.ld" -Wl,-Map="STM32L476JG-SensorTile_ALLMEMS1.map" -Wl,--gc-sections -static --specs=nano.specs -mfpu=fpv4-sp-d16 -mfloat-abi=softfp -mthumb -Wl,--start-group -lc -lm -lstdc++ -lsupc++ -Wl,--end-group
Finished building target: STM32L476JG-SensorTile_ALLMEMS1.elf
 
arm-none-eabi-size   STM32L476JG-SensorTile_ALLMEMS1.elf 
   text	   data	    bss	    dec	    hex	filename
  43472	    520	  22688	  66680	  10478	STM32L476JG-SensorTile_ALLMEMS1.elf
Finished building: default.size.stdout
 
arm-none-eabi-objdump -h -S  STM32L476JG-SensorTile_ALLMEMS1.elf  > "STM32L476JG-SensorTile_ALLMEMS1.list"
Finished building: STM32L476JG-SensorTile_ALLMEMS1.list
 
arm-none-eabi-objcopy -O binary "STM32L476JG-SensorTile_ALLMEMS1.elf" "STM32L476JG-SensorTile_ALLMEMS1.bin"
 
01:07:49 **** Incremental Build of configuration Debug for project COMSYS704 ****
make all 
arm-none-eabi-gcc "C:/Users/GGPC/Documents/704P2/COMSYS704/Projects/STM32L476JG-SensorTile/Applications/ALLMEMS1/Src/main.c" -mcpu=cortex-m4 -std=c99 -g3 -DDEBUG -DUSE_HAL_DRIVER -DSTM32L476xx -DUSE_STM32L4XX_NUCLEO -DSTM32_SENSORTILE -c -I../../Inc -I../../../../../../Drivers/CMSIS/Device/ST/STM32L4xx/Include -I../../../../../../Drivers/STM32L4xx_HAL_Driver/Inc -I../../../../../../Drivers/BSP/SensorTile -I../../../../../../Drivers/CMSIS/Include -I../../../../../../Drivers/BSP/Components/Common -I../../../../../../Middlewares/ST/BlueNRG-MS/includes -I../../../../../../Middlewares/ST/BlueNRG-MS/utils -I../../../../../../Middlewares/ST/BlueNRG-MS/hci/hci_tl_patterns/Basic -I../../../../../../Middlewares/ST/STM32_USB_Device_Library/Class/CDC/Inc -I../../../../../../Middlewares/ST/STM32_USB_Device_Library/Core/Inc -Og -ffunction-sections -Wall -fstack-usage -fcyclomatic-complexity -MMD -MP -MF"Application/User/main.d" -MT"Application/User/main.o" --specs=nano.specs -mfpu=fpv4-sp-d16 -mfloat-abi=softfp -mthumb -o "Application/User/main.o"
In file included from ../../Inc/main.h:27,
                 from C:/Users/GGPC/Documents/704P2/COMSYS704/Projects/STM32L476JG-SensorTile/Applications/ALLMEMS1/Src/main.c:39:
C:/Users/GGPC/Documents/704P2/COMSYS704/Projects/STM32L476JG-SensorTile/Applications/ALLMEMS1/Src/main.c: In function 'readAcc':
C:/Users/GGPC/Documents/704P2/COMSYS704/Projects/STM32L476JG-SensorTile/Applications/ALLMEMS1/Src/main.c:362:13: warning: format '%d' expects argument of type 'int', but argument 3 has type 'uint32_t' {aka 'long unsigned int'} [-Wformat=]
  362 |     XPRINTF("Converted ACC=%d,%d,%d mg\r\n", ACC_Value.x, ACC_Value.y, ACC_Value.z);
      |             ^~~~~~~~~~~~~~~~~~~~~~~~~~~~~~~  ~~~~~~~~~~~
      |                                                       |
      |                                                       uint32_t {aka long unsigned int}
../../Inc/ALLMEMS1_config.h:126:52: note: in definition of macro 'XPRINTF'
  126 |       TmpBytesToWrite = sprintf( TmpBufferToWrite, __VA_ARGS__);\
      |                                                    ^~~~~~~~~~~
C:/Users/GGPC/Documents/704P2/COMSYS704/Projects/STM32L476JG-SensorTile/Applications/ALLMEMS1/Src/main.c:362:29: note: format string is defined here
  362 |     XPRINTF("Converted ACC=%d,%d,%d mg\r\n", ACC_Value.x, ACC_Value.y, ACC_Value.z);
      |                            ~^
      |                             |
      |                             int
      |                            %ld
In file included from ../../Inc/main.h:27,
                 from C:/Users/GGPC/Documents/704P2/COMSYS704/Projects/STM32L476JG-SensorTile/Applications/ALLMEMS1/Src/main.c:39:
C:/Users/GGPC/Documents/704P2/COMSYS704/Projects/STM32L476JG-SensorTile/Applications/ALLMEMS1/Src/main.c:362:13: warning: format '%d' expects argument of type 'int', but argument 4 has type 'uint32_t' {aka 'long unsigned int'} [-Wformat=]
  362 |     XPRINTF("Converted ACC=%d,%d,%d mg\r\n", ACC_Value.x, ACC_Value.y, ACC_Value.z);
      |             ^~~~~~~~~~~~~~~~~~~~~~~~~~~~~~~               ~~~~~~~~~~~
      |                                                                    |
      |                                                                    uint32_t {aka long unsigned int}
../../Inc/ALLMEMS1_config.h:126:52: note: in definition of macro 'XPRINTF'
  126 |       TmpBytesToWrite = sprintf( TmpBufferToWrite, __VA_ARGS__);\
      |                                                    ^~~~~~~~~~~
C:/Users/GGPC/Documents/704P2/COMSYS704/Projects/STM32L476JG-SensorTile/Applications/ALLMEMS1/Src/main.c:362:32: note: format string is defined here
  362 |     XPRINTF("Converted ACC=%d,%d,%d mg\r\n", ACC_Value.x, ACC_Value.y, ACC_Value.z);
      |                               ~^
      |                                |
      |                                int
      |                               %ld
In file included from ../../Inc/main.h:27,
                 from C:/Users/GGPC/Documents/704P2/COMSYS704/Projects/STM32L476JG-SensorTile/Applications/ALLMEMS1/Src/main.c:39:
C:/Users/GGPC/Documents/704P2/COMSYS704/Projects/STM32L476JG-SensorTile/Applications/ALLMEMS1/Src/main.c:362:13: warning: format '%d' expects argument of type 'int', but argument 5 has type 'uint32_t' {aka 'long unsigned int'} [-Wformat=]
  362 |     XPRINTF("Converted ACC=%d,%d,%d mg\r\n", ACC_Value.x, ACC_Value.y, ACC_Value.z);
      |             ^~~~~~~~~~~~~~~~~~~~~~~~~~~~~~~                            ~~~~~~~~~~~
      |                                                                                 |
      |                                                                                 uint32_t {aka long unsigned int}
../../Inc/ALLMEMS1_config.h:126:52: note: in definition of macro 'XPRINTF'
  126 |       TmpBytesToWrite = sprintf( TmpBufferToWrite, __VA_ARGS__);\
      |                                                    ^~~~~~~~~~~
C:/Users/GGPC/Documents/704P2/COMSYS704/Projects/STM32L476JG-SensorTile/Applications/ALLMEMS1/Src/main.c:362:35: note: format string is defined here
  362 |     XPRINTF("Converted ACC=%d,%d,%d mg\r\n", ACC_Value.x, ACC_Value.y, ACC_Value.z);
      |                                  ~^
      |                                   |
      |                                   int
      |                                  %ld
C:/Users/GGPC/Documents/704P2/COMSYS704/Projects/STM32L476JG-SensorTile/Applications/ALLMEMS1/Src/main.c: In function 'main':
C:/Users/GGPC/Documents/704P2/COMSYS704/Projects/STM32L476JG-SensorTile/Applications/ALLMEMS1/Src/main.c:540:13: warning: unused variable 'accMagnitudeInt' [-Wunused-variable]
  540 |     int16_t accMagnitudeInt = (int16_t)accMagnitude_mg;
      |             ^~~~~~~~~~~~~~~
C:/Users/GGPC/Documents/704P2/COMSYS704/Projects/STM32L476JG-SensorTile/Applications/ALLMEMS1/Src/main.c:533:13: warning: unused variable 'accZ_int' [-Wunused-variable]
  533 |     int16_t accZ_int = (int16_t)accZ_mg;
      |             ^~~~~~~~
C:/Users/GGPC/Documents/704P2/COMSYS704/Projects/STM32L476JG-SensorTile/Applications/ALLMEMS1/Src/main.c:532:13: warning: unused variable 'accY_int' [-Wunused-variable]
  532 |     int16_t accY_int = (int16_t)accY_mg;
      |             ^~~~~~~~
C:/Users/GGPC/Documents/704P2/COMSYS704/Projects/STM32L476JG-SensorTile/Applications/ALLMEMS1/Src/main.c:531:13: warning: unused variable 'accX_int' [-Wunused-variable]
  531 |     int16_t accX_int = (int16_t)accX_mg;
      |             ^~~~~~~~
C:/Users/GGPC/Documents/704P2/COMSYS704/Projects/STM32L476JG-SensorTile/Applications/ALLMEMS1/Src/main.c:475:11: warning: unused variable 'accZ_h' [-Wunused-variable]
  475 |     float accZ_h = ACC_Value.z;
      |           ^~~~~~
C:/Users/GGPC/Documents/704P2/COMSYS704/Projects/STM32L476JG-SensorTile/Applications/ALLMEMS1/Src/main.c:474:11: warning: unused variable 'accY_h' [-Wunused-variable]
  474 |     float accY_h = ACC_Value.y;
      |           ^~~~~~
C:/Users/GGPC/Documents/704P2/COMSYS704/Projects/STM32L476JG-SensorTile/Applications/ALLMEMS1/Src/main.c:473:11: warning: unused variable 'accX_h' [-Wunused-variable]
  473 |     float accX_h = ACC_Value.x; // in milli g
      |           ^~~~~~
C:/Users/GGPC/Documents/704P2/COMSYS704/Projects/STM32L476JG-SensorTile/Applications/ALLMEMS1/Src/main.c:471:11: warning: unused variable 'magZ_h' [-Wunused-variable]
  471 |     float magZ_h = MAG_Value.z;
      |           ^~~~~~
At top level:
C:/Users/GGPC/Documents/704P2/COMSYS704/Projects/STM32L476JG-SensorTile/Applications/ALLMEMS1/Src/main.c:1104:13: warning: 'DeinitTimers' defined but not used [-Wunused-function]
 1104 | static void DeinitTimers(void)
      |             ^~~~~~~~~~~~
arm-none-eabi-g++ -o "STM32L476JG-SensorTile_ALLMEMS1.elf" @"objects.list"   -mcpu=cortex-m4 -T"../STM32L476RGTX.ld" -Wl,-Map="STM32L476JG-SensorTile_ALLMEMS1.map" -Wl,--gc-sections -static --specs=nano.specs -mfpu=fpv4-sp-d16 -mfloat-abi=softfp -mthumb -Wl,--start-group -lc -lm -lstdc++ -lsupc++ -Wl,--end-group
Finished building target: STM32L476JG-SensorTile_ALLMEMS1.elf
 
arm-none-eabi-size   STM32L476JG-SensorTile_ALLMEMS1.elf 
   text	   data	    bss	    dec	    hex	filename
  43480	    520	  22688	  66688	  10480	STM32L476JG-SensorTile_ALLMEMS1.elf
Finished building: default.size.stdout
 
arm-none-eabi-objdump -h -S  STM32L476JG-SensorTile_ALLMEMS1.elf  > "STM32L476JG-SensorTile_ALLMEMS1.list"
Finished building: STM32L476JG-SensorTile_ALLMEMS1.list
 
arm-none-eabi-objcopy -O binary "STM32L476JG-SensorTile_ALLMEMS1.elf" "STM32L476JG-SensorTile_ALLMEMS1.bin"
 
01:22:00 **** Incremental Build of configuration Debug for project COMSYS704 ****
make all 
arm-none-eabi-gcc "C:/Users/GGPC/Documents/704P2/COMSYS704/Projects/STM32L476JG-SensorTile/Applications/ALLMEMS1/Src/main.c" -mcpu=cortex-m4 -std=c99 -g3 -DDEBUG -DUSE_HAL_DRIVER -DSTM32L476xx -DUSE_STM32L4XX_NUCLEO -DSTM32_SENSORTILE -c -I../../Inc -I../../../../../../Drivers/CMSIS/Device/ST/STM32L4xx/Include -I../../../../../../Drivers/STM32L4xx_HAL_Driver/Inc -I../../../../../../Drivers/BSP/SensorTile -I../../../../../../Drivers/CMSIS/Include -I../../../../../../Drivers/BSP/Components/Common -I../../../../../../Middlewares/ST/BlueNRG-MS/includes -I../../../../../../Middlewares/ST/BlueNRG-MS/utils -I../../../../../../Middlewares/ST/BlueNRG-MS/hci/hci_tl_patterns/Basic -I../../../../../../Middlewares/ST/STM32_USB_Device_Library/Class/CDC/Inc -I../../../../../../Middlewares/ST/STM32_USB_Device_Library/Core/Inc -Og -ffunction-sections -Wall -fstack-usage -fcyclomatic-complexity -MMD -MP -MF"Application/User/main.d" -MT"Application/User/main.o" --specs=nano.specs -mfpu=fpv4-sp-d16 -mfloat-abi=softfp -mthumb -o "Application/User/main.o"
In file included from ../../Inc/main.h:27,
                 from C:/Users/GGPC/Documents/704P2/COMSYS704/Projects/STM32L476JG-SensorTile/Applications/ALLMEMS1/Src/main.c:39:
C:/Users/GGPC/Documents/704P2/COMSYS704/Projects/STM32L476JG-SensorTile/Applications/ALLMEMS1/Src/main.c: In function 'readAcc':
C:/Users/GGPC/Documents/704P2/COMSYS704/Projects/STM32L476JG-SensorTile/Applications/ALLMEMS1/Src/main.c:362:13: warning: format '%d' expects argument of type 'int', but argument 3 has type 'uint32_t' {aka 'long unsigned int'} [-Wformat=]
  362 |     XPRINTF("Converted ACC=%d,%d,%d mg\r\n", ACC_Value.x, ACC_Value.y, ACC_Value.z);
      |             ^~~~~~~~~~~~~~~~~~~~~~~~~~~~~~~  ~~~~~~~~~~~
      |                                                       |
      |                                                       uint32_t {aka long unsigned int}
../../Inc/ALLMEMS1_config.h:126:52: note: in definition of macro 'XPRINTF'
  126 |       TmpBytesToWrite = sprintf( TmpBufferToWrite, __VA_ARGS__);\
      |                                                    ^~~~~~~~~~~
C:/Users/GGPC/Documents/704P2/COMSYS704/Projects/STM32L476JG-SensorTile/Applications/ALLMEMS1/Src/main.c:362:29: note: format string is defined here
  362 |     XPRINTF("Converted ACC=%d,%d,%d mg\r\n", ACC_Value.x, ACC_Value.y, ACC_Value.z);
      |                            ~^
      |                             |
      |                             int
      |                            %ld
In file included from ../../Inc/main.h:27,
                 from C:/Users/GGPC/Documents/704P2/COMSYS704/Projects/STM32L476JG-SensorTile/Applications/ALLMEMS1/Src/main.c:39:
C:/Users/GGPC/Documents/704P2/COMSYS704/Projects/STM32L476JG-SensorTile/Applications/ALLMEMS1/Src/main.c:362:13: warning: format '%d' expects argument of type 'int', but argument 4 has type 'uint32_t' {aka 'long unsigned int'} [-Wformat=]
  362 |     XPRINTF("Converted ACC=%d,%d,%d mg\r\n", ACC_Value.x, ACC_Value.y, ACC_Value.z);
      |             ^~~~~~~~~~~~~~~~~~~~~~~~~~~~~~~               ~~~~~~~~~~~
      |                                                                    |
      |                                                                    uint32_t {aka long unsigned int}
../../Inc/ALLMEMS1_config.h:126:52: note: in definition of macro 'XPRINTF'
  126 |       TmpBytesToWrite = sprintf( TmpBufferToWrite, __VA_ARGS__);\
      |                                                    ^~~~~~~~~~~
C:/Users/GGPC/Documents/704P2/COMSYS704/Projects/STM32L476JG-SensorTile/Applications/ALLMEMS1/Src/main.c:362:32: note: format string is defined here
  362 |     XPRINTF("Converted ACC=%d,%d,%d mg\r\n", ACC_Value.x, ACC_Value.y, ACC_Value.z);
      |                               ~^
      |                                |
      |                                int
      |                               %ld
In file included from ../../Inc/main.h:27,
                 from C:/Users/GGPC/Documents/704P2/COMSYS704/Projects/STM32L476JG-SensorTile/Applications/ALLMEMS1/Src/main.c:39:
C:/Users/GGPC/Documents/704P2/COMSYS704/Projects/STM32L476JG-SensorTile/Applications/ALLMEMS1/Src/main.c:362:13: warning: format '%d' expects argument of type 'int', but argument 5 has type 'uint32_t' {aka 'long unsigned int'} [-Wformat=]
  362 |     XPRINTF("Converted ACC=%d,%d,%d mg\r\n", ACC_Value.x, ACC_Value.y, ACC_Value.z);
      |             ^~~~~~~~~~~~~~~~~~~~~~~~~~~~~~~                            ~~~~~~~~~~~
      |                                                                                 |
      |                                                                                 uint32_t {aka long unsigned int}
../../Inc/ALLMEMS1_config.h:126:52: note: in definition of macro 'XPRINTF'
  126 |       TmpBytesToWrite = sprintf( TmpBufferToWrite, __VA_ARGS__);\
      |                                                    ^~~~~~~~~~~
C:/Users/GGPC/Documents/704P2/COMSYS704/Projects/STM32L476JG-SensorTile/Applications/ALLMEMS1/Src/main.c:362:35: note: format string is defined here
  362 |     XPRINTF("Converted ACC=%d,%d,%d mg\r\n", ACC_Value.x, ACC_Value.y, ACC_Value.z);
      |                                  ~^
      |                                   |
      |                                   int
      |                                  %ld
C:/Users/GGPC/Documents/704P2/COMSYS704/Projects/STM32L476JG-SensorTile/Applications/ALLMEMS1/Src/main.c: In function 'main':
C:/Users/GGPC/Documents/704P2/COMSYS704/Projects/STM32L476JG-SensorTile/Applications/ALLMEMS1/Src/main.c:579:26: error: 'relativeHeadingInt' undeclared (first use in this function); did you mean 'relativeHeading'?
  579 |     COMP_Value.Heading = relativeHeadingInt;
      |                          ^~~~~~~~~~~~~~~~~~
      |                          relativeHeading
C:/Users/GGPC/Documents/704P2/COMSYS704/Projects/STM32L476JG-SensorTile/Applications/ALLMEMS1/Src/main.c:579:26: note: each undeclared identifier is reported only once for each function it appears in
C:/Users/GGPC/Documents/704P2/COMSYS704/Projects/STM32L476JG-SensorTile/Applications/ALLMEMS1/Src/main.c:536:13: warning: unused variable 'accMagnitudeInt' [-Wunused-variable]
  536 |     int16_t accMagnitudeInt = (int16_t)accMagnitude_mg;
      |             ^~~~~~~~~~~~~~~
C:/Users/GGPC/Documents/704P2/COMSYS704/Projects/STM32L476JG-SensorTile/Applications/ALLMEMS1/Src/main.c:529:13: warning: unused variable 'accZ_int' [-Wunused-variable]
  529 |     int16_t accZ_int = (int16_t)accZ_mg;
      |             ^~~~~~~~
C:/Users/GGPC/Documents/704P2/COMSYS704/Projects/STM32L476JG-SensorTile/Applications/ALLMEMS1/Src/main.c:528:13: warning: unused variable 'accY_int' [-Wunused-variable]
  528 |     int16_t accY_int = (int16_t)accY_mg;
      |             ^~~~~~~~
C:/Users/GGPC/Documents/704P2/COMSYS704/Projects/STM32L476JG-SensorTile/Applications/ALLMEMS1/Src/main.c:527:13: warning: unused variable 'accX_int' [-Wunused-variable]
  527 |     int16_t accX_int = (int16_t)accX_mg;
      |             ^~~~~~~~
C:/Users/GGPC/Documents/704P2/COMSYS704/Projects/STM32L476JG-SensorTile/Applications/ALLMEMS1/Src/main.c:475:11: warning: unused variable 'accZ_h' [-Wunused-variable]
  475 |     float accZ_h = ACC_Value.z;
      |           ^~~~~~
C:/Users/GGPC/Documents/704P2/COMSYS704/Projects/STM32L476JG-SensorTile/Applications/ALLMEMS1/Src/main.c:474:11: warning: unused variable 'accY_h' [-Wunused-variable]
  474 |     float accY_h = ACC_Value.y;
      |           ^~~~~~
C:/Users/GGPC/Documents/704P2/COMSYS704/Projects/STM32L476JG-SensorTile/Applications/ALLMEMS1/Src/main.c:473:11: warning: unused variable 'accX_h' [-Wunused-variable]
  473 |     float accX_h = ACC_Value.x; // in milli g
      |           ^~~~~~
C:/Users/GGPC/Documents/704P2/COMSYS704/Projects/STM32L476JG-SensorTile/Applications/ALLMEMS1/Src/main.c:471:11: warning: unused variable 'magZ_h' [-Wunused-variable]
  471 |     float magZ_h = MAG_Value.z;
      |           ^~~~~~
At top level:
C:/Users/GGPC/Documents/704P2/COMSYS704/Projects/STM32L476JG-SensorTile/Applications/ALLMEMS1/Src/main.c:1100:13: warning: 'DeinitTimers' defined but not used [-Wunused-function]
 1100 | static void DeinitTimers(void)
      |             ^~~~~~~~~~~~
make[1]: *** [Application/User/subdir.mk:50: Application/User/main.o] Error 1
make: *** [makefile:82: all] Error 2
"make all" terminated with exit code 2. Build might be incomplete.
01:22:43 **** Incremental Build of configuration Debug for project COMSYS704 ****
make all 
arm-none-eabi-gcc "C:/Users/GGPC/Documents/704P2/COMSYS704/Projects/STM32L476JG-SensorTile/Applications/ALLMEMS1/Src/main.c" -mcpu=cortex-m4 -std=c99 -g3 -DDEBUG -DUSE_HAL_DRIVER -DSTM32L476xx -DUSE_STM32L4XX_NUCLEO -DSTM32_SENSORTILE -c -I../../Inc -I../../../../../../Drivers/CMSIS/Device/ST/STM32L4xx/Include -I../../../../../../Drivers/STM32L4xx_HAL_Driver/Inc -I../../../../../../Drivers/BSP/SensorTile -I../../../../../../Drivers/CMSIS/Include -I../../../../../../Drivers/BSP/Components/Common -I../../../../../../Middlewares/ST/BlueNRG-MS/includes -I../../../../../../Middlewares/ST/BlueNRG-MS/utils -I../../../../../../Middlewares/ST/BlueNRG-MS/hci/hci_tl_patterns/Basic -I../../../../../../Middlewares/ST/STM32_USB_Device_Library/Class/CDC/Inc -I../../../../../../Middlewares/ST/STM32_USB_Device_Library/Core/Inc -Og -ffunction-sections -Wall -fstack-usage -fcyclomatic-complexity -MMD -MP -MF"Application/User/main.d" -MT"Application/User/main.o" --specs=nano.specs -mfpu=fpv4-sp-d16 -mfloat-abi=softfp -mthumb -o "Application/User/main.o"
In file included from ../../Inc/main.h:27,
                 from C:/Users/GGPC/Documents/704P2/COMSYS704/Projects/STM32L476JG-SensorTile/Applications/ALLMEMS1/Src/main.c:39:
C:/Users/GGPC/Documents/704P2/COMSYS704/Projects/STM32L476JG-SensorTile/Applications/ALLMEMS1/Src/main.c: In function 'readAcc':
C:/Users/GGPC/Documents/704P2/COMSYS704/Projects/STM32L476JG-SensorTile/Applications/ALLMEMS1/Src/main.c:362:13: warning: format '%d' expects argument of type 'int', but argument 3 has type 'uint32_t' {aka 'long unsigned int'} [-Wformat=]
  362 |     XPRINTF("Converted ACC=%d,%d,%d mg\r\n", ACC_Value.x, ACC_Value.y, ACC_Value.z);
      |             ^~~~~~~~~~~~~~~~~~~~~~~~~~~~~~~  ~~~~~~~~~~~
      |                                                       |
      |                                                       uint32_t {aka long unsigned int}
../../Inc/ALLMEMS1_config.h:126:52: note: in definition of macro 'XPRINTF'
  126 |       TmpBytesToWrite = sprintf( TmpBufferToWrite, __VA_ARGS__);\
      |                                                    ^~~~~~~~~~~
C:/Users/GGPC/Documents/704P2/COMSYS704/Projects/STM32L476JG-SensorTile/Applications/ALLMEMS1/Src/main.c:362:29: note: format string is defined here
  362 |     XPRINTF("Converted ACC=%d,%d,%d mg\r\n", ACC_Value.x, ACC_Value.y, ACC_Value.z);
      |                            ~^
      |                             |
      |                             int
      |                            %ld
In file included from ../../Inc/main.h:27,
                 from C:/Users/GGPC/Documents/704P2/COMSYS704/Projects/STM32L476JG-SensorTile/Applications/ALLMEMS1/Src/main.c:39:
C:/Users/GGPC/Documents/704P2/COMSYS704/Projects/STM32L476JG-SensorTile/Applications/ALLMEMS1/Src/main.c:362:13: warning: format '%d' expects argument of type 'int', but argument 4 has type 'uint32_t' {aka 'long unsigned int'} [-Wformat=]
  362 |     XPRINTF("Converted ACC=%d,%d,%d mg\r\n", ACC_Value.x, ACC_Value.y, ACC_Value.z);
      |             ^~~~~~~~~~~~~~~~~~~~~~~~~~~~~~~               ~~~~~~~~~~~
      |                                                                    |
      |                                                                    uint32_t {aka long unsigned int}
../../Inc/ALLMEMS1_config.h:126:52: note: in definition of macro 'XPRINTF'
  126 |       TmpBytesToWrite = sprintf( TmpBufferToWrite, __VA_ARGS__);\
      |                                                    ^~~~~~~~~~~
C:/Users/GGPC/Documents/704P2/COMSYS704/Projects/STM32L476JG-SensorTile/Applications/ALLMEMS1/Src/main.c:362:32: note: format string is defined here
  362 |     XPRINTF("Converted ACC=%d,%d,%d mg\r\n", ACC_Value.x, ACC_Value.y, ACC_Value.z);
      |                               ~^
      |                                |
      |                                int
      |                               %ld
In file included from ../../Inc/main.h:27,
                 from C:/Users/GGPC/Documents/704P2/COMSYS704/Projects/STM32L476JG-SensorTile/Applications/ALLMEMS1/Src/main.c:39:
C:/Users/GGPC/Documents/704P2/COMSYS704/Projects/STM32L476JG-SensorTile/Applications/ALLMEMS1/Src/main.c:362:13: warning: format '%d' expects argument of type 'int', but argument 5 has type 'uint32_t' {aka 'long unsigned int'} [-Wformat=]
  362 |     XPRINTF("Converted ACC=%d,%d,%d mg\r\n", ACC_Value.x, ACC_Value.y, ACC_Value.z);
      |             ^~~~~~~~~~~~~~~~~~~~~~~~~~~~~~~                            ~~~~~~~~~~~
      |                                                                                 |
      |                                                                                 uint32_t {aka long unsigned int}
../../Inc/ALLMEMS1_config.h:126:52: note: in definition of macro 'XPRINTF'
  126 |       TmpBytesToWrite = sprintf( TmpBufferToWrite, __VA_ARGS__);\
      |                                                    ^~~~~~~~~~~
C:/Users/GGPC/Documents/704P2/COMSYS704/Projects/STM32L476JG-SensorTile/Applications/ALLMEMS1/Src/main.c:362:35: note: format string is defined here
  362 |     XPRINTF("Converted ACC=%d,%d,%d mg\r\n", ACC_Value.x, ACC_Value.y, ACC_Value.z);
      |                                  ~^
      |                                   |
      |                                   int
      |                                  %ld
C:/Users/GGPC/Documents/704P2/COMSYS704/Projects/STM32L476JG-SensorTile/Applications/ALLMEMS1/Src/main.c: In function 'main':
C:/Users/GGPC/Documents/704P2/COMSYS704/Projects/STM32L476JG-SensorTile/Applications/ALLMEMS1/Src/main.c:536:13: warning: unused variable 'accMagnitudeInt' [-Wunused-variable]
  536 |     int16_t accMagnitudeInt = (int16_t)accMagnitude_mg;
      |             ^~~~~~~~~~~~~~~
C:/Users/GGPC/Documents/704P2/COMSYS704/Projects/STM32L476JG-SensorTile/Applications/ALLMEMS1/Src/main.c:529:13: warning: unused variable 'accZ_int' [-Wunused-variable]
  529 |     int16_t accZ_int = (int16_t)accZ_mg;
      |             ^~~~~~~~
C:/Users/GGPC/Documents/704P2/COMSYS704/Projects/STM32L476JG-SensorTile/Applications/ALLMEMS1/Src/main.c:528:13: warning: unused variable 'accY_int' [-Wunused-variable]
  528 |     int16_t accY_int = (int16_t)accY_mg;
      |             ^~~~~~~~
C:/Users/GGPC/Documents/704P2/COMSYS704/Projects/STM32L476JG-SensorTile/Applications/ALLMEMS1/Src/main.c:527:13: warning: unused variable 'accX_int' [-Wunused-variable]
  527 |     int16_t accX_int = (int16_t)accX_mg;
      |             ^~~~~~~~
C:/Users/GGPC/Documents/704P2/COMSYS704/Projects/STM32L476JG-SensorTile/Applications/ALLMEMS1/Src/main.c:475:11: warning: unused variable 'accZ_h' [-Wunused-variable]
  475 |     float accZ_h = ACC_Value.z;
      |           ^~~~~~
C:/Users/GGPC/Documents/704P2/COMSYS704/Projects/STM32L476JG-SensorTile/Applications/ALLMEMS1/Src/main.c:474:11: warning: unused variable 'accY_h' [-Wunused-variable]
  474 |     float accY_h = ACC_Value.y;
      |           ^~~~~~
C:/Users/GGPC/Documents/704P2/COMSYS704/Projects/STM32L476JG-SensorTile/Applications/ALLMEMS1/Src/main.c:473:11: warning: unused variable 'accX_h' [-Wunused-variable]
  473 |     float accX_h = ACC_Value.x; // in milli g
      |           ^~~~~~
C:/Users/GGPC/Documents/704P2/COMSYS704/Projects/STM32L476JG-SensorTile/Applications/ALLMEMS1/Src/main.c:471:11: warning: unused variable 'magZ_h' [-Wunused-variable]
  471 |     float magZ_h = MAG_Value.z;
      |           ^~~~~~
At top level:
C:/Users/GGPC/Documents/704P2/COMSYS704/Projects/STM32L476JG-SensorTile/Applications/ALLMEMS1/Src/main.c:1100:13: warning: 'DeinitTimers' defined but not used [-Wunused-function]
 1100 | static void DeinitTimers(void)
      |             ^~~~~~~~~~~~
arm-none-eabi-g++ -o "STM32L476JG-SensorTile_ALLMEMS1.elf" @"objects.list"   -mcpu=cortex-m4 -T"../STM32L476RGTX.ld" -Wl,-Map="STM32L476JG-SensorTile_ALLMEMS1.map" -Wl,--gc-sections -static --specs=nano.specs -mfpu=fpv4-sp-d16 -mfloat-abi=softfp -mthumb -Wl,--start-group -lc -lm -lstdc++ -lsupc++ -Wl,--end-group
Finished building target: STM32L476JG-SensorTile_ALLMEMS1.elf
 
arm-none-eabi-size   STM32L476JG-SensorTile_ALLMEMS1.elf 
   text	   data	    bss	    dec	    hex	filename
  43448	    520	  22684	  66652	  1045c	STM32L476JG-SensorTile_ALLMEMS1.elf
Finished building: default.size.stdout
 
arm-none-eabi-objdump -h -S  STM32L476JG-SensorTile_ALLMEMS1.elf  > "STM32L476JG-SensorTile_ALLMEMS1.list"
Finished building: STM32L476JG-SensorTile_ALLMEMS1.list
 
arm-none-eabi-objcopy -O binary "STM32L476JG-SensorTile_ALLMEMS1.elf" "STM32L476JG-SensorTile_ALLMEMS1.bin"
 
01:29:18 **** Incremental Build of configuration Debug for project COMSYS704 ****
make all 
arm-none-eabi-gcc "C:/Users/GGPC/Documents/704P2/COMSYS704/Projects/STM32L476JG-SensorTile/Applications/ALLMEMS1/Src/main.c" -mcpu=cortex-m4 -std=c99 -g3 -DDEBUG -DUSE_HAL_DRIVER -DSTM32L476xx -DUSE_STM32L4XX_NUCLEO -DSTM32_SENSORTILE -c -I../../Inc -I../../../../../../Drivers/CMSIS/Device/ST/STM32L4xx/Include -I../../../../../../Drivers/STM32L4xx_HAL_Driver/Inc -I../../../../../../Drivers/BSP/SensorTile -I../../../../../../Drivers/CMSIS/Include -I../../../../../../Drivers/BSP/Components/Common -I../../../../../../Middlewares/ST/BlueNRG-MS/includes -I../../../../../../Middlewares/ST/BlueNRG-MS/utils -I../../../../../../Middlewares/ST/BlueNRG-MS/hci/hci_tl_patterns/Basic -I../../../../../../Middlewares/ST/STM32_USB_Device_Library/Class/CDC/Inc -I../../../../../../Middlewares/ST/STM32_USB_Device_Library/Core/Inc -Og -ffunction-sections -Wall -fstack-usage -fcyclomatic-complexity -MMD -MP -MF"Application/User/main.d" -MT"Application/User/main.o" --specs=nano.specs -mfpu=fpv4-sp-d16 -mfloat-abi=softfp -mthumb -o "Application/User/main.o"
C:/Users/GGPC/Documents/704P2/COMSYS704/Projects/STM32L476JG-SensorTile/Applications/ALLMEMS1/Src/main.c: In function 'main':
C:/Users/GGPC/Documents/704P2/COMSYS704/Projects/STM32L476JG-SensorTile/Applications/ALLMEMS1/Src/main.c:538:13: warning: unused variable 'accMagnitudeInt' [-Wunused-variable]
  538 |     int16_t accMagnitudeInt = (int16_t)accMagnitude_mg;
      |             ^~~~~~~~~~~~~~~
C:/Users/GGPC/Documents/704P2/COMSYS704/Projects/STM32L476JG-SensorTile/Applications/ALLMEMS1/Src/main.c:531:13: warning: unused variable 'accZ_int' [-Wunused-variable]
  531 |     int16_t accZ_int = (int16_t)accZ_mg;
      |             ^~~~~~~~
C:/Users/GGPC/Documents/704P2/COMSYS704/Projects/STM32L476JG-SensorTile/Applications/ALLMEMS1/Src/main.c:530:13: warning: unused variable 'accY_int' [-Wunused-variable]
  530 |     int16_t accY_int = (int16_t)accY_mg;
      |             ^~~~~~~~
C:/Users/GGPC/Documents/704P2/COMSYS704/Projects/STM32L476JG-SensorTile/Applications/ALLMEMS1/Src/main.c:529:13: warning: unused variable 'accX_int' [-Wunused-variable]
  529 |     int16_t accX_int = (int16_t)accX_mg;
      |             ^~~~~~~~
C:/Users/GGPC/Documents/704P2/COMSYS704/Projects/STM32L476JG-SensorTile/Applications/ALLMEMS1/Src/main.c:477:11: warning: unused variable 'accZ_h' [-Wunused-variable]
  477 |     float accZ_h = ACC_Value.z;
      |           ^~~~~~
C:/Users/GGPC/Documents/704P2/COMSYS704/Projects/STM32L476JG-SensorTile/Applications/ALLMEMS1/Src/main.c:476:11: warning: unused variable 'accY_h' [-Wunused-variable]
  476 |     float accY_h = ACC_Value.y;
      |           ^~~~~~
C:/Users/GGPC/Documents/704P2/COMSYS704/Projects/STM32L476JG-SensorTile/Applications/ALLMEMS1/Src/main.c:475:11: warning: unused variable 'accX_h' [-Wunused-variable]
  475 |     float accX_h = ACC_Value.x; // in milli g
      |           ^~~~~~
C:/Users/GGPC/Documents/704P2/COMSYS704/Projects/STM32L476JG-SensorTile/Applications/ALLMEMS1/Src/main.c:473:11: warning: unused variable 'magZ_h' [-Wunused-variable]
  473 |     float magZ_h = MAG_Value.z;
      |           ^~~~~~
At top level:
C:/Users/GGPC/Documents/704P2/COMSYS704/Projects/STM32L476JG-SensorTile/Applications/ALLMEMS1/Src/main.c:1102:13: warning: 'DeinitTimers' defined but not used [-Wunused-function]
 1102 | static void DeinitTimers(void)
      |             ^~~~~~~~~~~~
arm-none-eabi-g++ -o "STM32L476JG-SensorTile_ALLMEMS1.elf" @"objects.list"   -mcpu=cortex-m4 -T"../STM32L476RGTX.ld" -Wl,-Map="STM32L476JG-SensorTile_ALLMEMS1.map" -Wl,--gc-sections -static --specs=nano.specs -mfpu=fpv4-sp-d16 -mfloat-abi=softfp -mthumb -Wl,--start-group -lc -lm -lstdc++ -lsupc++ -Wl,--end-group
Finished building target: STM32L476JG-SensorTile_ALLMEMS1.elf
 
arm-none-eabi-size   STM32L476JG-SensorTile_ALLMEMS1.elf 
   text	   data	    bss	    dec	    hex	filename
  43336	    520	  22684	  66540	  103ec	STM32L476JG-SensorTile_ALLMEMS1.elf
Finished building: default.size.stdout
 
arm-none-eabi-objdump -h -S  STM32L476JG-SensorTile_ALLMEMS1.elf  > "STM32L476JG-SensorTile_ALLMEMS1.list"
Finished building: STM32L476JG-SensorTile_ALLMEMS1.list
 
arm-none-eabi-objcopy -O binary "STM32L476JG-SensorTile_ALLMEMS1.elf" "STM32L476JG-SensorTile_ALLMEMS1.bin"
 
01:42:37 **** Incremental Build of configuration Debug for project COMSYS704 ****
make all 
[...]
C:/Users/GGPC/Documents/704P2/COMSYS704/Projects/STM32L476JG-SensorTile/Applications/ALLMEMS1/Src/main.c: In function 'readMag':
C:/Users/GGPC/Documents/704P2/COMSYS704/Projects/STM32L476JG-SensorTile/Applications/ALLMEMS1/Src/main.c:290:29: warning: unused variable 'magZ_G' [-Wunused-variable]
  290 |         float magX_G,magY_G,magZ_G;
      |                             ^~~~~~
C:/Users/GGPC/Documents/704P2/COMSYS704/Projects/STM32L476JG-SensorTile/Applications/ALLMEMS1/Src/main.c:290:22: warning: unused variable 'magY_G' [-Wunused-variable]
  290 |         float magX_G,magY_G,magZ_G;
      |                      ^~~~~~
C:/Users/GGPC/Documents/704P2/COMSYS704/Projects/STM32L476JG-SensorTile/Applications/ALLMEMS1/Src/main.c:290:15: warning: unused variable 'magX_G' [-Wunused-variable]
  290 |         float magX_G,magY_G,magZ_G;
      |               ^~~~~~
C:/Users/GGPC/Documents/704P2/COMSYS704/Projects/STM32L476JG-SensorTile/Applications/ALLMEMS1/Src/main.c: In function 'main':
C:/Users/GGPC/Documents/704P2/COMSYS704/Projects/STM32L476JG-SensorTile/Applications/ALLMEMS1/Src/main.c:567:13: warning: unused variable 'accMagnitudeInt' [-Wunused-variable]
  567 |     int16_t accMagnitudeInt = (int16_t)accMagnitude_mg;
      |             ^~~~~~~~~~~~~~~
C:/Users/GGPC/Documents/704P2/COMSYS704/Projects/STM32L476JG-SensorTile/Applications/ALLMEMS1/Src/main.c:560:13: warning: unused variable 'accZ_int' [-Wunused-variable]
  560 |     int16_t accZ_int = (int16_t)accZ_mg;
      |             ^~~~~~~~
C:/Users/GGPC/Documents/704P2/COMSYS704/Projects/STM32L476JG-SensorTile/Applications/ALLMEMS1/Src/main.c:559:13: warning: unused variable 'accY_int' [-Wunused-variable]
  559 |     int16_t accY_int = (int16_t)accY_mg;
      |             ^~~~~~~~
C:/Users/GGPC/Documents/704P2/COMSYS704/Projects/STM32L476JG-SensorTile/Applications/ALLMEMS1/Src/main.c:558:13: warning: unused variable 'accX_int' [-Wunused-variable]
  558 |     int16_t accX_int = (int16_t)accX_mg;
      |             ^~~~~~~~
C:/Users/GGPC/Documents/704P2/COMSYS704/Projects/STM32L476JG-SensorTile/Applications/ALLMEMS1/Src/main.c:504:11: warning: unused variable 'accZ_h' [-Wunused-variable]
  504 |     float accZ_h = ACC_Value.z;
      |           ^~~~~~
C:/Users/GGPC/Documents/704P2/COMSYS704/Projects/STM32L476JG-SensorTile/Applications/ALLMEMS1/Src/main.c:503:11: warning: unused variable 'accY_h' [-Wunused-variable]
  503 |     float accY_h = ACC_Value.y;
      |           ^~~~~~
C:/Users/GGPC/Documents/704P2/COMSYS704/Projects/STM32L476JG-SensorTile/Applications/ALLMEMS1/Src/main.c:502:11: warning: unused variable 'accX_h' [-Wunused-variable]
  502 |     float accX_h = ACC_Value.x; // in milli g
      |           ^~~~~~
C:/Users/GGPC/Documents/704P2/COMSYS704/Projects/STM32L476JG-SensorTile/Applications/ALLMEMS1/Src/main.c:500:11: warning: unused variable 'magZ_h' [-Wunused-variable]
  500 |     float magZ_h = MAG_Value.z;
      |           ^~~~~~
At top level:
C:/Users/GGPC/Documents/704P2/COMSYS704/Projects/STM32L476JG-SensorTile/Applications/ALLMEMS1/Src/main.c:1131:13: warning: 'DeinitTimers' defined but not used [-Wunused-function]
 1131 | static void DeinitTimers(void)
      |             ^~~~~~~~~~~~
C:/Users/GGPC/Documents/704P2/COMSYS704/Projects/STM32L476JG-SensorTile/Applications/ALLMEMS1/Src/main.c: In function 'readMag':
C:/Users/GGPC/Documents/704P2/COMSYS704/Projects/STM32L476JG-SensorTile/Applications/ALLMEMS1/Src/main.c:328:18: warning: 'magZ_sum' may be used uninitialized in this function [-Wmaybe-uninitialized]
  328 |         magZ_sum +=magZ_mG;
      |                  ^~
C:/Users/GGPC/Documents/704P2/COMSYS704/Projects/STM32L476JG-SensorTile/Applications/ALLMEMS1/Src/main.c:327:18: warning: 'magY_sum' may be used uninitialized in this function [-Wmaybe-uninitialized]
  327 |         magY_sum +=magY_mG;
      |                  ^~
C:/Users/GGPC/Documents/704P2/COMSYS704/Projects/STM32L476JG-SensorTile/Applications/ALLMEMS1/Src/main.c:326:18: warning: 'magX_sum' may be used uninitialized in this function [-Wmaybe-uninitialized]
  326 |         magX_sum +=magX_mG;
      |                  ^~
C:/Users/GGPC/Documents/704P2/COMSYS704/Projects/STM32L476JG-SensorTile/Applications/ALLMEMS1/Src/main.c: In function 'readAcc':
C:/Users/GGPC/Documents/704P2/COMSYS704/Projects/STM32L476JG-SensorTile/Applications/ALLMEMS1/Src/main.c:383:18: warning: 'accZ_sum' may be used uninitialized in this function [-Wmaybe-uninitialized]
  383 |         accZ_sum +=accZ_mg;
      |                  ^~
C:/Users/GGPC/Documents/704P2/COMSYS704/Projects/STM32L476JG-SensorTile/Applications/ALLMEMS1/Src/main.c:382:18: warning: 'accY_sum' may be used uninitialized in this function [-Wmaybe-uninitialized]
  382 |         accY_sum +=accY_mg;
      |                  ^~
C:/Users/GGPC/Documents/704P2/COMSYS704/Projects/STM32L476JG-SensorTile/Applications/ALLMEMS1/Src/main.c:381:18: warning: 'accX_sum' may be used uninitialized in this function [-Wmaybe-uninitialized]
  381 |         accX_sum +=accX_mg;
      |                  ^~
arm-none-eabi-g++ -o "STM32L476JG-SensorTile_ALLMEMS1.elf" @"objects.list"   -mcpu=cortex-m4 -T"../STM32L476RGTX.ld" -Wl,-Map="STM32L476JG-SensorTile_ALLMEMS1.map" -Wl,--gc-sections -static --specs=nano.specs -mfpu=fpv4-sp-d16 -mfloat-abi=softfp -mthumb -Wl,--start-group -lc -lm -lstdc++ -lsupc++ -Wl,--end-group
Finished building target: STM32L476JG-SensorTile_ALLMEMS1.elf
 
arm-none-eabi-size   STM32L476JG-SensorTile_ALLMEMS1.elf 
   text	   data	    bss	    dec	    hex	filename
  43776	    520	  22684	  66980	  105a4	STM32L476JG-SensorTile_ALLMEMS1.elf
Finished building: default.size.stdout
 
arm-none-eabi-objdump -h -S  STM32L476JG-SensorTile_ALLMEMS1.elf  > "STM32L476JG-SensorTile_ALLMEMS1.list"
Finished building: STM32L476JG-SensorTile_ALLMEMS1.list
 
arm-none-eabi-objcopy -O binary "STM32L476JG-SensorTile_ALLMEMS1.elf" "STM32L476JG-SensorTile_ALLMEMS1.bin"
 
07:40:53 **** Incremental Build of configuration Debug for project COMSYS704 ****
make all 
arm-none-eabi-size   STM32L476JG-SensorTile_ALLMEMS1.elf 
   text	   data	    bss	    dec	    hex	filename
  43776	    520	  22684	  66980	  105a4	STM32L476JG-SensorTile_ALLMEMS1.elf
Finished building: default.size.stdout
 
arm-none-eabi-objcopy -O binary "STM32L476JG-SensorTile_ALLMEMS1.elf" "STM32L476JG-SensorTile_ALLMEMS1.bin"
 
07:41:02 **** Incremental Build of configuration Debug for project COMSYS704 ****
make all 
arm-none-eabi-size   STM32L476JG-SensorTile_ALLMEMS1.elf 
   text	   data	    bss	    dec	    hex	filename
  43776	    520	  22684	  66980	  105a4	STM32L476JG-SensorTile_ALLMEMS1.elf
Finished building: default.size.stdout
 
arm-none-eabi-objcopy -O binary "STM32L476JG-SensorTile_ALLMEMS1.elf" "STM32L476JG-SensorTile_ALLMEMS1.bin"
 
16:34:17 **** Incremental Build of configuration Debug for project COMSYS704 ****
make all 
arm-none-eabi-gcc "C:/Users/GGPC/Documents/704P2/COMSYS704/Projects/STM32L476JG-SensorTile/Applications/ALLMEMS1/Src/main.c" -mcpu=cortex-m4 -std=c99 -g3 -DDEBUG -DUSE_HAL_DRIVER -DSTM32L476xx -DUSE_STM32L4XX_NUCLEO -DSTM32_SENSORTILE -c -I../../Inc -I../../../../../../Drivers/CMSIS/Device/ST/STM32L4xx/Include -I../../../../../../Drivers/STM32L4xx_HAL_Driver/Inc -I../../../../../../Drivers/BSP/SensorTile -I../../../../../../Drivers/CMSIS/Include -I../../../../../../Drivers/BSP/Components/Common -I../../../../../../Middlewares/ST/BlueNRG-MS/includes -I../../../../../../Middlewares/ST/BlueNRG-MS/utils -I../../../../../../Middlewares/ST/BlueNRG-MS/hci/hci_tl_patterns/Basic -I../../../../../../Middlewares/ST/STM32_USB_Device_Library/Class/CDC/Inc -I../../../../../../Middlewares/ST/STM32_USB_Device_Library/Core/Inc -Og -ffunction-sections -Wall -fstack-usage -fcyclomatic-complexity -MMD -MP -MF"Application/User/main.d" -MT"Application/User/main.o" --specs=nano.specs -mfpu=fpv4-sp-d16 -mfloat-abi=softfp -mthumb -o "Application/User/main.o"
C:/Users/GGPC/Documents/704P2/COMSYS704/Projects/STM32L476JG-SensorTile/Applications/ALLMEMS1/Src/main.c: In function 'readMag':
C:/Users/GGPC/Documents/704P2/COMSYS704/Projects/STM32L476JG-SensorTile/Applications/ALLMEMS1/Src/main.c:297:29: warning: unused variable 'magZ_G' [-Wunused-variable]
  297 |         float magX_G,magY_G,magZ_G;
      |                             ^~~~~~
C:/Users/GGPC/Documents/704P2/COMSYS704/Projects/STM32L476JG-SensorTile/Applications/ALLMEMS1/Src/main.c:297:22: warning: unused variable 'magY_G' [-Wunused-variable]
  297 |         float magX_G,magY_G,magZ_G;
      |                      ^~~~~~
C:/Users/GGPC/Documents/704P2/COMSYS704/Projects/STM32L476JG-SensorTile/Applications/ALLMEMS1/Src/main.c:297:15: warning: unused variable 'magX_G' [-Wunused-variable]
  297 |         float magX_G,magY_G,magZ_G;
      |               ^~~~~~
C:/Users/GGPC/Documents/704P2/COMSYS704/Projects/STM32L476JG-SensorTile/Applications/ALLMEMS1/Src/main.c: In function 'main':
C:/Users/GGPC/Documents/704P2/COMSYS704/Projects/STM32L476JG-SensorTile/Applications/ALLMEMS1/Src/main.c:540:13: warning: unused variable 'accZ_int' [-Wunused-variable]
  540 |     int16_t accZ_int = (int16_t)accZ_mg;
      |             ^~~~~~~~
C:/Users/GGPC/Documents/704P2/COMSYS704/Projects/STM32L476JG-SensorTile/Applications/ALLMEMS1/Src/main.c:539:13: warning: unused variable 'accY_int' [-Wunused-variable]
  539 |     int16_t accY_int = (int16_t)accY_mg;
      |             ^~~~~~~~
C:/Users/GGPC/Documents/704P2/COMSYS704/Projects/STM32L476JG-SensorTile/Applications/ALLMEMS1/Src/main.c:538:13: warning: unused variable 'accX_int' [-Wunused-variable]
  538 |     int16_t accX_int = (int16_t)accX_mg;
      |             ^~~~~~~~
C:/Users/GGPC/Documents/704P2/COMSYS704/Projects/STM32L476JG-SensorTile/Applications/ALLMEMS1/Src/main.c:528:13: warning: unused variable 'currentHeadingInt' [-Wunused-variable]
  528 |     int16_t currentHeadingInt = (int16_t)currentHeading;
      |             ^~~~~~~~~~~~~~~~~
C:/Users/GGPC/Documents/704P2/COMSYS704/Projects/STM32L476JG-SensorTile/Applications/ALLMEMS1/Src/main.c:506:11: warning: unused variable 'magZ_h' [-Wunused-variable]
  506 |     float magZ_h = MAG_Value.z;
      |           ^~~~~~
At top level:
C:/Users/GGPC/Documents/704P2/COMSYS704/Projects/STM32L476JG-SensorTile/Applications/ALLMEMS1/Src/main.c:1101:13: warning: 'DeinitTimers' defined but not used [-Wunused-function]
 1101 | static void DeinitTimers(void)
      |             ^~~~~~~~~~~~
C:/Users/GGPC/Documents/704P2/COMSYS704/Projects/STM32L476JG-SensorTile/Applications/ALLMEMS1/Src/main.c: In function 'readMag':
C:/Users/GGPC/Documents/704P2/COMSYS704/Projects/STM32L476JG-SensorTile/Applications/ALLMEMS1/Src/main.c:334:18: warning: 'magZ_sum' may be used uninitialized in this function [-Wmaybe-uninitialized]
  334 |         magZ_sum +=magZ_mG;
      |                  ^~
C:/Users/GGPC/Documents/704P2/COMSYS704/Projects/STM32L476JG-SensorTile/Applications/ALLMEMS1/Src/main.c:333:18: warning: 'magY_sum' may be used uninitialized in this function [-Wmaybe-uninitialized]
  333 |         magY_sum +=magY_mG;
      |                  ^~
C:/Users/GGPC/Documents/704P2/COMSYS704/Projects/STM32L476JG-SensorTile/Applications/ALLMEMS1/Src/main.c:332:18: warning: 'magX_sum' may be used uninitialized in this function [-Wmaybe-uninitialized]
  332 |         magX_sum +=magX_mG;
      |                  ^~
C:/Users/GGPC/Documents/704P2/COMSYS704/Projects/STM32L476JG-SensorTile/Applications/ALLMEMS1/Src/main.c: In function 'readAcc':
C:/Users/GGPC/Documents/704P2/COMSYS704/Projects/STM32L476JG-SensorTile/Applications/ALLMEMS1/Src/main.c:392:18: warning: 'accZ_sum' may be used uninitialized in this function [-Wmaybe-uninitialized]
  392 |         accZ_sum +=accZ_mg;
      |                  ^~
C:/Users/GGPC/Documents/704P2/COMSYS704/Projects/STM32L476JG-SensorTile/Applications/ALLMEMS1/Src/main.c:391:18: warning: 'accY_sum' may be used uninitialized in this function [-Wmaybe-uninitialized]
  391 |         accY_sum +=accY_mg;
      |                  ^~
C:/Users/GGPC/Documents/704P2/COMSYS704/Projects/STM32L476JG-SensorTile/Applications/ALLMEMS1/Src/main.c:390:18: warning: 'accX_sum' may be used uninitialized in this function [-Wmaybe-uninitialized]
  390 |         accX_sum +=accX_mg;
      |                  ^~
arm-none-eabi-g++ -o "STM32L476JG-SensorTile_ALLMEMS1.elf" @"objects.list"   -mcpu=cortex-m4 -T"../STM32L476RGTX.ld" -Wl,-Map="STM32L476JG-SensorTile_ALLMEMS1.map" -Wl,--gc-sections -static --specs=nano.specs -mfpu=fpv4-sp-d16 -mfloat-abi=softfp -mthumb -Wl,--start-group -lc -lm -lstdc++ -lsupc++ -Wl,--end-group
Finished building target: STM32L476JG-SensorTile_ALLMEMS1.elf
 
arm-none-eabi-size   STM32L476JG-SensorTile_ALLMEMS1.elf 
   text	   data	    bss	    dec	    hex	filename
  42960	    504	  22684	  66148	  10264	STM32L476JG-SensorTile_ALLMEMS1.elf
Finished building: default.size.stdout
 
arm-none-eabi-objdump -h -S  STM32L476JG-SensorTile_ALLMEMS1.elf  > "STM32L476JG-SensorTile_ALLMEMS1.list"
Finished building: STM32L476JG-SensorTile_ALLMEMS1.list
 
arm-none-eabi-objcopy -O binary "STM32L476JG-SensorTile_ALLMEMS1.elf" "STM32L476JG-SensorTile_ALLMEMS1.bin"
 
16:45:34 **** Incremental Build of configuration Debug for project COMSYS704 ****
make all 
arm-none-eabi-gcc "C:/Users/GGPC/Documents/704P2/COMSYS704/Projects/STM32L476JG-SensorTile/Applications/ALLMEMS1/Src/main.c" -mcpu=cortex-m4 -std=c99 -g3 -DDEBUG -DUSE_HAL_DRIVER -DSTM32L476xx -DUSE_STM32L4XX_NUCLEO -DSTM32_SENSORTILE -c -I../../Inc -I../../../../../../Drivers/CMSIS/Device/ST/STM32L4xx/Include -I../../../../../../Drivers/STM32L4xx_HAL_Driver/Inc -I../../../../../../Drivers/BSP/SensorTile -I../../../../../../Drivers/CMSIS/Include -I../../../../../../Drivers/BSP/Components/Common -I../../../../../../Middlewares/ST/BlueNRG-MS/includes -I../../../../../../Middlewares/ST/BlueNRG-MS/utils -I../../../../../../Middlewares/ST/BlueNRG-MS/hci/hci_tl_patterns/Basic -I../../../../../../Middlewares/ST/STM32_USB_Device_Library/Class/CDC/Inc -I../../../../../../Middlewares/ST/STM32_USB_Device_Library/Core/Inc -Og -ffunction-sections -Wall -fstack-usage -fcyclomatic-complexity -MMD -MP -MF"Application/User/main.d" -MT"Application/User/main.o" --specs=nano.specs -mfpu=fpv4-sp-d16 -mfloat-abi=softfp -mthumb -o "Application/User/main.o"
C:/Users/GGPC/Documents/704P2/COMSYS704/Projects/STM32L476JG-SensorTile/Applications/ALLMEMS1/Src/main.c: In function 'readMag':
C:/Users/GGPC/Documents/704P2/COMSYS704/Projects/STM32L476JG-SensorTile/Applications/ALLMEMS1/Src/main.c:297:29: warning: unused variable 'magZ_G' [-Wunused-variable]
  297 |         float magX_G,magY_G,magZ_G;
      |                             ^~~~~~
C:/Users/GGPC/Documents/704P2/COMSYS704/Projects/STM32L476JG-SensorTile/Applications/ALLMEMS1/Src/main.c:297:22: warning: unused variable 'magY_G' [-Wunused-variable]
  297 |         float magX_G,magY_G,magZ_G;
      |                      ^~~~~~
C:/Users/GGPC/Documents/704P2/COMSYS704/Projects/STM32L476JG-SensorTile/Applications/ALLMEMS1/Src/main.c:297:15: warning: unused variable 'magX_G' [-Wunused-variable]
  297 |         float magX_G,magY_G,magZ_G;
      |               ^~~~~~
C:/Users/GGPC/Documents/704P2/COMSYS704/Projects/STM32L476JG-SensorTile/Applications/ALLMEMS1/Src/main.c: In function 'main':
C:/Users/GGPC/Documents/704P2/COMSYS704/Projects/STM32L476JG-SensorTile/Applications/ALLMEMS1/Src/main.c:540:13: warning: unused variable 'accZ_int' [-Wunused-variable]
  540 |     int16_t accZ_int = (int16_t)accZ_mg;
      |             ^~~~~~~~
C:/Users/GGPC/Documents/704P2/COMSYS704/Projects/STM32L476JG-SensorTile/Applications/ALLMEMS1/Src/main.c:539:13: warning: unused variable 'accY_int' [-Wunused-variable]
  539 |     int16_t accY_int = (int16_t)accY_mg;
      |             ^~~~~~~~
C:/Users/GGPC/Documents/704P2/COMSYS704/Projects/STM32L476JG-SensorTile/Applications/ALLMEMS1/Src/main.c:538:13: warning: unused variable 'accX_int' [-Wunused-variable]
  538 |     int16_t accX_int = (int16_t)accX_mg;
      |             ^~~~~~~~
C:/Users/GGPC/Documents/704P2/COMSYS704/Projects/STM32L476JG-SensorTile/Applications/ALLMEMS1/Src/main.c:506:11: warning: unused variable 'magZ_h' [-Wunused-variable]
  506 |     float magZ_h = MAG_Value.z;
      |           ^~~~~~
At top level:
C:/Users/GGPC/Documents/704P2/COMSYS704/Projects/STM32L476JG-SensorTile/Applications/ALLMEMS1/Src/main.c:1101:13: warning: 'DeinitTimers' defined but not used [-Wunused-function]
 1101 | static void DeinitTimers(void)
      |             ^~~~~~~~~~~~
C:/Users/GGPC/Documents/704P2/COMSYS704/Projects/STM32L476JG-SensorTile/Applications/ALLMEMS1/Src/main.c: In function 'readMag':
C:/Users/GGPC/Documents/704P2/COMSYS704/Projects/STM32L476JG-SensorTile/Applications/ALLMEMS1/Src/main.c:334:18: warning: 'magZ_sum' may be used uninitialized in this function [-Wmaybe-uninitialized]
  334 |         magZ_sum +=magZ_mG;
      |                  ^~
C:/Users/GGPC/Documents/704P2/COMSYS704/Projects/STM32L476JG-SensorTile/Applications/ALLMEMS1/Src/main.c:333:18: warning: 'magY_sum' may be used uninitialized in this function [-Wmaybe-uninitialized]
  333 |         magY_sum +=magY_mG;
      |                  ^~
C:/Users/GGPC/Documents/704P2/COMSYS704/Projects/STM32L476JG-SensorTile/Applications/ALLMEMS1/Src/main.c:332:18: warning: 'magX_sum' may be used uninitialized in this function [-Wmaybe-uninitialized]
  332 |         magX_sum +=magX_mG;
      |                  ^~
C:/Users/GGPC/Documents/704P2/COMSYS704/Projects/STM32L476JG-SensorTile/Applications/ALLMEMS1/Src/main.c: In function 'readAcc':
C:/Users/GGPC/Documents/704P2/COMSYS704/Projects/STM32L476JG-SensorTile/Applications/ALLMEMS1/Src/main.c:392:18: warning: 'accZ_sum' may be used uninitialized in this function [-Wmaybe-uninitialized]
  392 |         accZ_sum +=accZ_mg;
      |                  ^~
C:/Users/GGPC/Documents/704P2/COMSYS704/Projects/STM32L476JG-SensorTile/Applications/ALLMEMS1/Src/main.c:391:18: warning: 'accY_sum' may be used uninitialized in this function [-Wmaybe-uninitialized]
  391 |         accY_sum +=accY_mg;
      |                  ^~
C:/Users/GGPC/Documents/704P2/COMSYS704/Projects/STM32L476JG-SensorTile/Applications/ALLMEMS1/Src/main.c:390:18: warning: 'accX_sum' may be used uninitialized in this function [-Wmaybe-uninitialized]
  390 |         accX_sum +=accX_mg;
      |                  ^~
arm-none-eabi-g++ -o "STM32L476JG-SensorTile_ALLMEMS1.elf" @"objects.list"   -mcpu=cortex-m4 -T"../STM32L476RGTX.ld" -Wl,-Map="STM32L476JG-SensorTile_ALLMEMS1.map" -Wl,--gc-sections -static --specs=nano.specs -mfpu=fpv4-sp-d16 -mfloat-abi=softfp -mthumb -Wl,--start-group -lc -lm -lstdc++ -lsupc++ -Wl,--end-group
Finished building target: STM32L476JG-SensorTile_ALLMEMS1.elf
 
arm-none-eabi-size   STM32L476JG-SensorTile_ALLMEMS1.elf 
   text	   data	    bss	    dec	    hex	filename
  42944	    504	  22684	  66132	  10254	STM32L476JG-SensorTile_ALLMEMS1.elf
Finished building: default.size.stdout
 
arm-none-eabi-objdump -h -S  STM32L476JG-SensorTile_ALLMEMS1.elf  > "STM32L476JG-SensorTile_ALLMEMS1.list"
Finished building: STM32L476JG-SensorTile_ALLMEMS1.list
 
arm-none-eabi-objcopy -O binary "STM32L476JG-SensorTile_ALLMEMS1.elf" "STM32L476JG-SensorTile_ALLMEMS1.bin"
 
